Archive member included because of file (symbol)

/opt/gcc-arm/bin/../lib/gcc/arm-none-eabi/4.8.3/../../../../arm-none-eabi/lib/armv7e-m/softfp/libc.a(lib_a-exit.o)
                              /opt/gcc-arm/bin/../lib/gcc/arm-none-eabi/4.8.3/../../../../arm-none-eabi/lib/armv7e-m/softfp/crt0.o (exit)
/opt/gcc-arm/bin/../lib/gcc/arm-none-eabi/4.8.3/../../../../arm-none-eabi/lib/armv7e-m/softfp/libc.a(lib_a-impure.o)
                              /opt/gcc-arm/bin/../lib/gcc/arm-none-eabi/4.8.3/../../../../arm-none-eabi/lib/armv7e-m/softfp/libc.a(lib_a-exit.o) (_global_impure_ptr)
/opt/gcc-arm/bin/../lib/gcc/arm-none-eabi/4.8.3/../../../../arm-none-eabi/lib/armv7e-m/softfp/libc.a(lib_a-init.o)
                              /opt/gcc-arm/bin/../lib/gcc/arm-none-eabi/4.8.3/../../../../arm-none-eabi/lib/armv7e-m/softfp/crt0.o (__libc_init_array)
/opt/gcc-arm/bin/../lib/gcc/arm-none-eabi/4.8.3/../../../../arm-none-eabi/lib/armv7e-m/softfp/libc.a(lib_a-memset.o)
                              /opt/gcc-arm/bin/../lib/gcc/arm-none-eabi/4.8.3/../../../../arm-none-eabi/lib/armv7e-m/softfp/crt0.o (memset)
/opt/gcc-arm/bin/../lib/gcc/arm-none-eabi/4.8.3/../../../../arm-none-eabi/lib/armv7e-m/softfp/libc.a(lib_a-__call_atexit.o)
                              /opt/gcc-arm/bin/../lib/gcc/arm-none-eabi/4.8.3/../../../../arm-none-eabi/lib/armv7e-m/softfp/libc.a(lib_a-exit.o) (__call_exitprocs)
/opt/gcc-arm/bin/../lib/gcc/arm-none-eabi/4.8.3/../../../../arm-none-eabi/lib/armv7e-m/softfp/libc.a(lib_a-atexit.o)
                              /opt/gcc-arm/bin/../lib/gcc/arm-none-eabi/4.8.3/../../../../arm-none-eabi/lib/armv7e-m/softfp/libc.a(lib_a-__call_atexit.o) (atexit)
/opt/gcc-arm/bin/../lib/gcc/arm-none-eabi/4.8.3/../../../../arm-none-eabi/lib/armv7e-m/softfp/libc.a(lib_a-fini.o)
                              /opt/gcc-arm/bin/../lib/gcc/arm-none-eabi/4.8.3/../../../../arm-none-eabi/lib/armv7e-m/softfp/libc.a(lib_a-__call_atexit.o) (__libc_fini_array)
/opt/gcc-arm/bin/../lib/gcc/arm-none-eabi/4.8.3/../../../../arm-none-eabi/lib/armv7e-m/softfp/libc.a(lib_a-__atexit.o)
                              /opt/gcc-arm/bin/../lib/gcc/arm-none-eabi/4.8.3/../../../../arm-none-eabi/lib/armv7e-m/softfp/libc.a(lib_a-atexit.o) (__register_exitproc)

Allocating common symbols
Common symbol       size              file

SaveRState          0x2               Libraries/STM32_USB-FS-Device_Driver/src/usb_int.o
HSEStartUpStatus    0x1               src/hw_config.o
sendBuf             0x10              src/main.o
SaveState           0x2               Libraries/STM32_USB-FS-Device_Driver/src/usb_init.o
wIstr               0x2               src/usb_istr.o
pProperty           0x4               Libraries/STM32_USB-FS-Device_Driver/src/usb_init.o
rb                  0x10              src/main.o
EPindex             0x1               Libraries/STM32_USB-FS-Device_Driver/src/usb_init.o
SaveTState          0x2               Libraries/STM32_USB-FS-Device_Driver/src/usb_int.o
Device_Info         0x1c              Libraries/STM32_USB-FS-Device_Driver/src/usb_init.o
pUser_Standard_Requests
                    0x4               Libraries/STM32_USB-FS-Device_Driver/src/usb_init.o
StatusInfo          0x2               Libraries/STM32_USB-FS-Device_Driver/src/usb_core.o
pInformation        0x4               Libraries/STM32_USB-FS-Device_Driver/src/usb_init.o
ResumeS             0x2               src/usb_pwr.o
sendBase            0x500             src/main.o
allMem              0x3200            src/main.o
EXTI_InitStructure  0x8               src/hw_config.o
wInterrupt_Mask     0x2               Libraries/STM32_USB-FS-Device_Driver/src/usb_init.o

Discarded input sections

 .text          0x00000000        0x0 /opt/gcc-arm/bin/../lib/gcc/arm-none-eabi/4.8.3/armv7e-m/softfp/crti.o
 .data          0x00000000        0x0 /opt/gcc-arm/bin/../lib/gcc/arm-none-eabi/4.8.3/armv7e-m/softfp/crti.o
 .bss           0x00000000        0x0 /opt/gcc-arm/bin/../lib/gcc/arm-none-eabi/4.8.3/armv7e-m/softfp/crti.o
 .data          0x00000000        0x4 /opt/gcc-arm/bin/../lib/gcc/arm-none-eabi/4.8.3/armv7e-m/softfp/crtbegin.o
 .text          0x00000000       0x74 /opt/gcc-arm/bin/../lib/gcc/arm-none-eabi/4.8.3/../../../../arm-none-eabi/lib/armv7e-m/softfp/crt0.o
 .data          0x00000000        0x0 /opt/gcc-arm/bin/../lib/gcc/arm-none-eabi/4.8.3/../../../../arm-none-eabi/lib/armv7e-m/softfp/crt0.o
 .bss           0x00000000        0x0 /opt/gcc-arm/bin/../lib/gcc/arm-none-eabi/4.8.3/../../../../arm-none-eabi/lib/armv7e-m/softfp/crt0.o
 .ARM.extab     0x00000000        0x0 /opt/gcc-arm/bin/../lib/gcc/arm-none-eabi/4.8.3/../../../../arm-none-eabi/lib/armv7e-m/softfp/crt0.o
 .ARM.exidx     0x00000000        0x8 /opt/gcc-arm/bin/../lib/gcc/arm-none-eabi/4.8.3/../../../../arm-none-eabi/lib/armv7e-m/softfp/crt0.o
 .ARM.attributes
                0x00000000       0x20 /opt/gcc-arm/bin/../lib/gcc/arm-none-eabi/4.8.3/../../../../arm-none-eabi/lib/armv7e-m/softfp/crt0.o
[...]
Memory Configuration

Name             Origin             Length             Attributes
FLASH            0x08000000         0x00040000         xr
RAM              0x20000000         0x0000a000         xrw
MEMORY_B1        0x60000000         0x00000000         xr
CCMRAM           0x10000000         0x00002000         rw
*default*        0x00000000         0xffffffff

Linker script and memory map

LOAD /opt/gcc-arm/bin/../lib/gcc/arm-none-eabi/4.8.3/armv7e-m/softfp/crti.o
LOAD /opt/gcc-arm/bin/../lib/gcc/arm-none-eabi/4.8.3/armv7e-m/softfp/crtbegin.o
LOAD /opt/gcc-arm/bin/../lib/gcc/arm-none-eabi/4.8.3/../../../../arm-none-eabi/lib/armv7e-m/softfp/crt0.o
LOAD Libraries/STM32F30x_StdPeriph_Driver/src/stm32f30x_comp.o
LOAD Libraries/STM32F30x_StdPeriph_Driver/src/stm32f30x_misc.o
LOAD Libraries/STM32F30x_StdPeriph_Driver/src/stm32f30x_dma.o
LOAD Libraries/STM32F30x_StdPeriph_Driver/src/stm32f30x_dbgmcu.o
LOAD Libraries/STM32F30x_StdPeriph_Driver/src/stm32f30x_dac.o
LOAD Libraries/STM32F30x_StdPeriph_Driver/src/stm32f30x_can.o
LOAD Libraries/STM32F30x_StdPeriph_Driver/src/stm32f30x_opamp.o
LOAD Libraries/STM32F30x_StdPeriph_Driver/src/stm32f30x_pwr.o
LOAD Libraries/STM32F30x_StdPeriph_Driver/src/stm32f30x_i2c.o
LOAD Libraries/STM32F30x_StdPeriph_Driver/src/stm32f30x_crc.o
LOAD Libraries/STM32F30x_StdPeriph_Driver/src/stm32f30x_rcc.o
LOAD Libraries/STM32F30x_StdPeriph_Driver/src/stm32f30x_flash.o
LOAD Libraries/STM32F30x_StdPeriph_Driver/src/stm32f30x_syscfg.o
LOAD Libraries/STM32F30x_StdPeriph_Driver/src/stm32f30x_exti.o
LOAD Libraries/STM32F30x_StdPeriph_Driver/src/stm32f30x_usart.o
LOAD Libraries/STM32F30x_StdPeriph_Driver/src/stm32f30x_rtc.o
LOAD Libraries/STM32F30x_StdPeriph_Driver/src/stm32f30x_tim.o
LOAD Libraries/STM32F30x_StdPeriph_Driver/src/stm32f30x_iwdg.o
LOAD Libraries/STM32F30x_StdPeriph_Driver/src/stm32f30x_adc.o
LOAD Libraries/STM32F30x_StdPeriph_Driver/src/stm32f30x_spi.o
LOAD Libraries/STM32F30x_StdPeriph_Driver/src/stm32f30x_gpio.o
LOAD Libraries/STM32F30x_StdPeriph_Driver/src/stm32f30x_wwdg.o
LOAD Libraries/STM32_USB-FS-Device_Driver/src/usb_mem.o
LOAD Libraries/STM32_USB-FS-Device_Driver/src/usb_init.o
LOAD Libraries/STM32_USB-FS-Device_Driver/src/usb_sil.o
LOAD Libraries/STM32_USB-FS-Device_Driver/src/usb_core.o
LOAD Libraries/STM32_USB-FS-Device_Driver/src/usb_regs.o
LOAD Libraries/STM32_USB-FS-Device_Driver/src/usb_int.o
LOAD src/usb_desc.o
LOAD src/usb_endp.o
LOAD src/hw_config.o
LOAD src/usb_istr.o
LOAD src/usb_prop.o
LOAD src/stm32f3_discovery.o
LOAD src/ringBuffer.o
LOAD src/main.o
LOAD src/stm32f30x_it.o
LOAD src/system_stm32f30x.o
LOAD src/usb_pwr.o
LOAD src/startup_stm32f30x.o
LOAD /opt/gcc-arm/bin/../lib/gcc/arm-none-eabi/4.8.3/../../../../arm-none-eabi/lib/armv7e-m/softfp/libm.a
LOAD /opt/gcc-arm/bin/../lib/gcc/arm-none-eabi/4.8.3/../../../../arm-none-eabi/lib/armv7e-m/softfp/libc.a
START GROUP
LOAD /opt/gcc-arm/bin/../lib/gcc/arm-none-eabi/4.8.3/armv7e-m/softfp/libgcc.a
LOAD /opt/gcc-arm/bin/../lib/gcc/arm-none-eabi/4.8.3/../../../../arm-none-eabi/lib/armv7e-m/softfp/libg.a
LOAD /opt/gcc-arm/bin/../lib/gcc/arm-none-eabi/4.8.3/../../../../arm-none-eabi/lib/armv7e-m/softfp/libc.a
END GROUP
LOAD /opt/gcc-arm/bin/../lib/gcc/arm-none-eabi/4.8.3/armv7e-m/softfp/crtend.o
LOAD /opt/gcc-arm/bin/../lib/gcc/arm-none-eabi/4.8.3/armv7e-m/softfp/crtn.o
                0x2000a000                _estack = 0x2000a000
                0x00000000                _Min_Heap_Size = 0x0
                0x00000200                _Min_Stack_Size = 0x200

.isr_vector     0x08000000      0x188
                0x08000000                . = ALIGN (0x4)
 *(.isr_vector)
 .isr_vector    0x08000000      0x188 src/startup_stm32f30x.o
                0x08000000                g_pfnVectors
                0x08000188                . = ALIGN (0x4)

.text           0x08000188     0x3aa4
                0x08000188                . = ALIGN (0x4)
 *(.text)
 .text          0x08000188       0x54 /opt/gcc-arm/bin/../lib/gcc/arm-none-eabi/4.8.3/armv7e-m/softfp/crtbegin.o
 *(.text*)
 .text.NVIC_PriorityGroupConfig
                0x080001dc       0x24 Libraries/STM32F30x_StdPeriph_Driver/src/stm32f30x_misc.o
                0x080001dc                NVIC_PriorityGroupConfig
 .text.NVIC_Init
                0x08000200       0xc0 Libraries/STM32F30x_StdPeriph_Driver/src/stm32f30x_misc.o
                0x08000200                NVIC_Init
 .text.RCC_HSEConfig
                0x080002c0       0x24 Libraries/STM32F30x_StdPeriph_Driver/src/stm32f30x_rcc.o
                0x080002c0                RCC_HSEConfig
 .text.RCC_WaitForHSEStartUp
                0x080002e4       0x50 Libraries/STM32F30x_StdPeriph_Driver/src/stm32f30x_rcc.o
                0x080002e4                RCC_WaitForHSEStartUp
 .text.RCC_PLLCmd
                0x08000334       0x20 Libraries/STM32F30x_StdPeriph_Driver/src/stm32f30x_rcc.o
                0x08000334                RCC_PLLCmd
 .text.RCC_SYSCLKConfig
                0x08000354       0x38 Libraries/STM32F30x_StdPeriph_Driver/src/stm32f30x_rcc.o
                0x08000354                RCC_SYSCLKConfig
 .text.RCC_GetSYSCLKSource
                0x0800038c       0x20 Libraries/STM32F30x_StdPeriph_Driver/src/stm32f30x_rcc.o
                0x0800038c                RCC_GetSYSCLKSource
 .text.RCC_GetClocksFreq
                0x080003ac      0x414 Libraries/STM32F30x_StdPeriph_Driver/src/stm32f30x_rcc.o
                0x080003ac                RCC_GetClocksFreq
 .text.RCC_USBCLKConfig
                0x080007c0       0x1c Libraries/STM32F30x_StdPeriph_Driver/src/stm32f30x_rcc.o
                0x080007c0                RCC_USBCLKConfig
 .text.RCC_AHBPeriphClockCmd
                0x080007dc       0x3c Libraries/STM32F30x_StdPeriph_Driver/src/stm32f30x_rcc.o
                0x080007dc                RCC_AHBPeriphClockCmd
 .text.RCC_APB2PeriphClockCmd
                0x08000818       0x3c Libraries/STM32F30x_StdPeriph_Driver/src/stm32f30x_rcc.o
                0x08000818                RCC_APB2PeriphClockCmd
 .text.RCC_APB1PeriphClockCmd
                0x08000854       0x3c Libraries/STM32F30x_StdPeriph_Driver/src/stm32f30x_rcc.o
                0x08000854                RCC_APB1PeriphClockCmd
 .text.RCC_GetFlagStatus
                0x08000890       0x84 Libraries/STM32F30x_StdPeriph_Driver/src/stm32f30x_rcc.o
                0x08000890                RCC_GetFlagStatus
 .text.SYSCFG_EXTILineConfig
                0x08000914       0x7c Libraries/STM32F30x_StdPeriph_Driver/src/stm32f30x_syscfg.o
                0x08000914                SYSCFG_EXTILineConfig
 .text.EXTI_Init
                0x08000990      0x1f4 Libraries/STM32F30x_StdPeriph_Driver/src/stm32f30x_exti.o
                0x08000990                EXTI_Init
 .text.EXTI_GetITStatus
                0x08000b84       0x70 Libraries/STM32F30x_StdPeriph_Driver/src/stm32f30x_exti.o
                0x08000b84                EXTI_GetITStatus
 .text.EXTI_ClearITPendingBit
                0x08000bf4       0x30 Libraries/STM32F30x_StdPeriph_Driver/src/stm32f30x_exti.o
                0x08000bf4                EXTI_ClearITPendingBit
 .text.GPIO_Init
                0x08000c24      0x128 Libraries/STM32F30x_StdPeriph_Driver/src/stm32f30x_gpio.o
                0x08000c24                GPIO_Init
 .text.GPIO_ReadInputDataBit
                0x08000d4c       0x38 Libraries/STM32F30x_StdPeriph_Driver/src/stm32f30x_gpio.o
                0x08000d4c                GPIO_ReadInputDataBit
 .text.GPIO_SetBits
                0x08000d84       0x1c Libraries/STM32F30x_StdPeriph_Driver/src/stm32f30x_gpio.o
                0x08000d84                GPIO_SetBits
 .text.GPIO_ResetBits
                0x08000da0       0x1c Libraries/STM32F30x_StdPeriph_Driver/src/stm32f30x_gpio.o
                0x08000da0                GPIO_ResetBits
 .text.GPIO_PinAFConfig
                0x08000dbc       0x8c Libraries/STM32F30x_StdPeriph_Driver/src/stm32f30x_gpio.o
                0x08000dbc                GPIO_PinAFConfig
 .text.UserToPMABufferCopy
                0x08000e48       0x74 Libraries/STM32_USB-FS-Device_Driver/src/usb_mem.o
                0x08000e48                UserToPMABufferCopy
 .text.PMAToUserBufferCopy
                0x08000ebc       0x5c Libraries/STM32_USB-FS-Device_Driver/src/usb_mem.o
                0x08000ebc                PMAToUserBufferCopy
 .text.USB_Init
                0x08000f18       0x40 Libraries/STM32_USB-FS-Device_Driver/src/usb_init.o
                0x08000f18                USB_Init
 .text.USB_SIL_Init
                0x08000f58       0x34 Libraries/STM32_USB-FS-Device_Driver/src/usb_sil.o
                0x08000f58                USB_SIL_Init
 .text.Standard_GetConfiguration
                0x08000f8c       0x3c Libraries/STM32_USB-FS-Device_Driver/src/usb_core.o
                0x08000f8c                Standard_GetConfiguration
 .text.Standard_SetConfiguration
                0x08000fc8       0x50 Libraries/STM32_USB-FS-Device_Driver/src/usb_core.o
                0x08000fc8                Standard_SetConfiguration
 .text.Standard_GetInterface
                0x08001018       0x3c Libraries/STM32_USB-FS-Device_Driver/src/usb_core.o
                0x08001018                Standard_GetInterface
 .text.Standard_SetInterface
                0x08001054       0x8c Libraries/STM32_USB-FS-Device_Driver/src/usb_core.o
                0x08001054                Standard_SetInterface
 .text.Standard_GetStatus
                0x080010e0      0x138 Libraries/STM32_USB-FS-Device_Driver/src/usb_core.o
                0x080010e0                Standard_GetStatus
 .text.Standard_ClearFeature
                0x08001218      0x1d8 Libraries/STM32_USB-FS-Device_Driver/src/usb_core.o
                0x08001218                Standard_ClearFeature
 .text.Standard_SetEndPointFeature
                0x080013f0      0x118 Libraries/STM32_USB-FS-Device_Driver/src/usb_core.o
                0x080013f0                Standard_SetEndPointFeature
 .text.Standard_SetDeviceFeature
                0x08001508       0x2c Libraries/STM32_USB-FS-Device_Driver/src/usb_core.o
                0x08001508                Standard_SetDeviceFeature
 .text.Standard_GetDescriptorData
                0x08001534       0x48 Libraries/STM32_USB-FS-Device_Driver/src/usb_core.o
                0x08001534                Standard_GetDescriptorData
 .text.DataStageOut
                0x0800157c      0x104 Libraries/STM32_USB-FS-Device_Driver/src/usb_core.o
 .text.DataStageIn
                0x08001680      0x10c Libraries/STM32_USB-FS-Device_Driver/src/usb_core.o
 .text.NoData_Setup0
                0x0800178c      0x194 Libraries/STM32_USB-FS-Device_Driver/src/usb_core.o
 .text.Data_Setup0
                0x08001920      0x324 Libraries/STM32_USB-FS-Device_Driver/src/usb_core.o
 .text.Setup0_Process
                0x08001c44       0xd8 Libraries/STM32_USB-FS-Device_Driver/src/usb_core.o
                0x08001c44                Setup0_Process
 .text.In0_Process
                0x08001d1c       0x90 Libraries/STM32_USB-FS-Device_Driver/src/usb_core.o
                0x08001d1c                In0_Process
 .text.Out0_Process
                0x08001dac       0x74 Libraries/STM32_USB-FS-Device_Driver/src/usb_core.o
                0x08001dac                Out0_Process
 .text.Post0_Process
                0x08001e20       0x50 Libraries/STM32_USB-FS-Device_Driver/src/usb_core.o
                0x08001e20                Post0_Process
 .text.SetDeviceAddress
                0x08001e70       0x7c Libraries/STM32_USB-FS-Device_Driver/src/usb_core.o
                0x08001e70                SetDeviceAddress
 .text.NOP_Process
                0x08001eec        0xc Libraries/STM32_USB-FS-Device_Driver/src/usb_core.o
                0x08001eec                NOP_Process
 .text.SetBTABLE
                0x08001ef8       0x24 Libraries/STM32_USB-FS-Device_Driver/src/usb_regs.o
                0x08001ef8                SetBTABLE
 .text.SetEPType
                0x08001f1c       0x48 Libraries/STM32_USB-FS-Device_Driver/src/usb_regs.o
                0x08001f1c                SetEPType
 .text.SetEPTxStatus
                0x08001f64       0x6c Libraries/STM32_USB-FS-Device_Driver/src/usb_regs.o
                0x08001f64                SetEPTxStatus
 .text.SetEPRxStatus
                0x08001fd0       0x6c Libraries/STM32_USB-FS-Device_Driver/src/usb_regs.o
                0x08001fd0                SetEPRxStatus
 .text.SetEPTxValid
                0x0800203c       0x50 Libraries/STM32_USB-FS-Device_Driver/src/usb_regs.o
                0x0800203c                SetEPTxValid
 .text.SetEPRxValid
                0x0800208c       0x50 Libraries/STM32_USB-FS-Device_Driver/src/usb_regs.o
                0x0800208c                SetEPRxValid
 .text.Clear_Status_Out
                0x080020dc       0x50 Libraries/STM32_USB-FS-Device_Driver/src/usb_regs.o
                0x080020dc                Clear_Status_Out
 .text.ClearDTOG_RX
                0x0800212c       0x5c Libraries/STM32_USB-FS-Device_Driver/src/usb_regs.o
                0x0800212c                ClearDTOG_RX
 .text.ClearDTOG_TX
                0x08002188       0x5c Libraries/STM32_USB-FS-Device_Driver/src/usb_regs.o
                0x08002188                ClearDTOG_TX
 .text.SetEPTxAddr
                0x080021e4       0x40 Libraries/STM32_USB-FS-Device_Driver/src/usb_regs.o
                0x080021e4                SetEPTxAddr
 .text.SetEPRxAddr
                0x08002224       0x40 Libraries/STM32_USB-FS-Device_Driver/src/usb_regs.o
                0x08002224                SetEPRxAddr
 .text.GetEPTxAddr
                0x08002264       0x38 Libraries/STM32_USB-FS-Device_Driver/src/usb_regs.o
                0x08002264                GetEPTxAddr
 .text.GetEPRxAddr
                0x0800229c       0x38 Libraries/STM32_USB-FS-Device_Driver/src/usb_regs.o
                0x0800229c                GetEPRxAddr
 .text.SetEPTxCount
                0x080022d4       0x38 Libraries/STM32_USB-FS-Device_Driver/src/usb_regs.o
                0x080022d4                SetEPTxCount
 .text.SetEPRxCount
                0x0800230c       0x84 Libraries/STM32_USB-FS-Device_Driver/src/usb_regs.o
                0x0800230c                SetEPRxCount
 .text.ByteSwap
                0x08002390       0x30 Libraries/STM32_USB-FS-Device_Driver/src/usb_regs.o
                0x08002390                ByteSwap
 .text.CTR_LP   0x080023c0      0x308 Libraries/STM32_USB-FS-Device_Driver/src/usb_int.o
                0x080023c0                CTR_LP
 .text.fill     0x080026c8       0x44 src/usb_endp.o
                0x080026c8                fill
 .text.uartSend
                0x0800270c       0x54 src/usb_endp.o
                0x0800270c                uartSend
 .text.uartSendString
                0x08002760       0x54 src/usb_endp.o
                0x08002760                uartSendString
 .text.SOF_Callback
                0x080027b4       0xc0 src/usb_endp.o
                0x080027b4                SOF_Callback
 .text.EP1_IN_Callback
                0x08002874       0x20 src/usb_endp.o
                0x08002874                EP1_IN_Callback
 .text.EP3_OUT_Callback
                0x08002894       0xdc src/usb_endp.o
                0x08002894                EP3_OUT_Callback
 .text.Set_System
                0x08002970       0xa4 src/hw_config.o
                0x08002970                Set_System
 .text.Set_USBClock
                0x08002a14       0x18 src/hw_config.o
                0x08002a14                Set_USBClock
 .text.Enter_LowPowerMode
                0x08002a2c       0x18 src/hw_config.o
                0x08002a2c                Enter_LowPowerMode
 .text.Leave_LowPowerMode
                0x08002a44       0x78 src/hw_config.o
                0x08002a44                Leave_LowPowerMode
 .text.USB_Interrupts_Config
                0x08002abc       0x50 src/hw_config.o
                0x08002abc                USB_Interrupts_Config
 .text.USB_Cable_Config
                0x08002b0c       0x30 src/hw_config.o
                0x08002b0c                USB_Cable_Config
 .text.Get_SerialNum
                0x08002b3c       0x54 src/hw_config.o
                0x08002b3c                Get_SerialNum
 .text.IntToUnicode
                0x08002b90       0x78 src/hw_config.o
 .text.USB_Istr
                0x08002c08      0x124 src/usb_istr.o
                0x08002c08                USB_Istr
 .text.Virtual_Com_Port_init
                0x08002d2c       0x28 src/usb_prop.o
                0x08002d2c                Virtual_Com_Port_init
 .text.Virtual_Com_Port_Reset
                0x08002d54       0xf0 src/usb_prop.o
                0x08002d54                Virtual_Com_Port_Reset
 .text.Virtual_Com_Port_SetConfiguration
                0x08002e44       0x2c src/usb_prop.o
                0x08002e44                Virtual_Com_Port_SetConfiguration
 .text.Virtual_Com_Port_SetDeviceAddress
                0x08002e70       0x18 src/usb_prop.o
                0x08002e70                Virtual_Com_Port_SetDeviceAddress
 .text.Virtual_Com_Port_Status_In
                0x08002e88       0x20 src/usb_prop.o
                0x08002e88                Virtual_Com_Port_Status_In
 .text.Virtual_Com_Port_Status_Out
                0x08002ea8        0xc src/usb_prop.o
                0x08002ea8                Virtual_Com_Port_Status_Out
 .text.Virtual_Com_Port_Data_Setup
                0x08002eb4       0x80 src/usb_prop.o
                0x08002eb4                Virtual_Com_Port_Data_Setup
 .text.Virtual_Com_Port_NoData_Setup
                0x08002f34       0x40 src/usb_prop.o
                0x08002f34                Virtual_Com_Port_NoData_Setup
 .text.Virtual_Com_Port_GetDeviceDescriptor
                0x08002f74       0x24 src/usb_prop.o
                0x08002f74                Virtual_Com_Port_GetDeviceDescriptor
 .text.Virtual_Com_Port_GetConfigDescriptor
                0x08002f98       0x24 src/usb_prop.o
                0x08002f98                Virtual_Com_Port_GetConfigDescriptor
 .text.Virtual_Com_Port_GetStringDescriptor
                0x08002fbc       0x40 src/usb_prop.o
                0x08002fbc                Virtual_Com_Port_GetStringDescriptor
 .text.Virtual_Com_Port_Get_Interface_Setting
                0x08002ffc       0x30 src/usb_prop.o
                0x08002ffc                Virtual_Com_Port_Get_Interface_Setting
 .text.Virtual_Com_Port_GetLineCoding
                0x0800302c       0x34 src/usb_prop.o
                0x0800302c                Virtual_Com_Port_GetLineCoding
 .text.Virtual_Com_Port_SetLineCoding
                0x08003060       0x34 src/usb_prop.o
                0x08003060                Virtual_Com_Port_SetLineCoding
 .text.STM_EVAL_LEDInit
                0x08003094       0x5c src/stm32f3_discovery.o
                0x08003094                STM_EVAL_LEDInit
 .text.STM_EVAL_LEDOn
                0x080030f0       0x30 src/stm32f3_discovery.o
                0x080030f0                STM_EVAL_LEDOn
 .text.STM_EVAL_LEDOff
                0x08003120       0x30 src/stm32f3_discovery.o
                0x08003120                STM_EVAL_LEDOff
 .text.STM_EVAL_LEDToggle
                0x08003150       0x40 src/stm32f3_discovery.o
                0x08003150                STM_EVAL_LEDToggle
 .text.STM_EVAL_PBInit
                0x08003190       0x94 src/stm32f3_discovery.o
                0x08003190                STM_EVAL_PBInit
 .text.STM_EVAL_PBGetState
                0x08003224       0x2c src/stm32f3_discovery.o
                0x08003224                STM_EVAL_PBGetState
 .text.initRingBuffer
                0x08003250       0x30 src/ringBuffer.o
                0x08003250                initRingBuffer
 .text.consume  0x08003280       0x4c src/ringBuffer.o
                0x08003280                consume
 .text.getCurrent
                0x080032cc       0x30 src/ringBuffer.o
                0x080032cc                getCurrent
 .text.getReadyCount
                0x080032fc       0x40 src/ringBuffer.o
                0x080032fc                getReadyCount
 .text.commitCurrent
                0x0800333c       0x44 src/ringBuffer.o
                0x0800333c                commitCurrent
 .text.NVIC_SetPriority
                0x08003380       0x54 src/main.o
 .text.SysTick_Config
                0x080033d4       0x44 src/main.o
 .text.resetRecv
                0x08003418       0x24 src/main.o
                0x08003418                resetRecv
 .text.initUSB  0x0800343c       0x30 src/main.o
                0x0800343c                initUSB
 .text.main     0x0800346c       0x84 src/main.o
                0x0800346c                main
 .text.TimingDelay_Decrement
                0x080034f0       0x90 src/main.o
                0x080034f0                TimingDelay_Decrement
 .text.NMI_Handler
                0x08003580        0xc src/stm32f30x_it.o
                0x08003580                NMI_Handler
 .text.HardFault_Handler
                0x0800358c        0xc src/stm32f30x_it.o
                0x0800358c                HardFault_Handler
 .text.MemManage_Handler
                0x08003598        0xc src/stm32f30x_it.o
                0x08003598                MemManage_Handler
 .text.BusFault_Handler
                0x080035a4        0xc src/stm32f30x_it.o
                0x080035a4                BusFault_Handler
 .text.UsageFault_Handler
                0x080035b0        0xc src/stm32f30x_it.o
                0x080035b0                UsageFault_Handler
 .text.SVC_Handler
                0x080035bc        0xc src/stm32f30x_it.o
                0x080035bc                SVC_Handler
 .text.DebugMon_Handler
                0x080035c8        0xc src/stm32f30x_it.o
                0x080035c8                DebugMon_Handler
 .text.PendSV_Handler
                0x080035d4        0xc src/stm32f30x_it.o
                0x080035d4                PendSV_Handler
 .text.SysTick_Handler
                0x080035e0       0x34 src/stm32f30x_it.o
                0x080035e0                SysTick_Handler
 .text.EXTI0_IRQHandler
                0x08003614       0x24 src/stm32f30x_it.o
                0x08003614                EXTI0_IRQHandler
 .text.USB_LP_CAN1_RX0_IRQHandler
                0x08003638        0xc src/stm32f30x_it.o
                0x08003638                USB_LP_CAN1_RX0_IRQHandler
 .text.USBWakeUp_IRQHandler
                0x08003644       0x14 src/stm32f30x_it.o
                0x08003644                USBWakeUp_IRQHandler
 .text.SystemInit
                0x08003658       0x90 src/system_stm32f30x.o
                0x08003658                SystemInit
 .text.SetSysClock
                0x080036e8       0xe0 src/system_stm32f30x.o
 .text.PowerOn  0x080037c8       0x50 src/usb_pwr.o
                0x080037c8                PowerOn
 .text.Suspend  0x08003818       0x3c src/usb_pwr.o
                0x08003818                Suspend
 .text.Resume_Init
                0x08003854       0x30 src/usb_pwr.o
                0x08003854                Resume_Init
 .text.Resume   0x08003884       0xf8 src/usb_pwr.o
                0x08003884                Resume
 .text.Reset_Handler
                0x0800397c       0x54 src/startup_stm32f30x.o
                0x0800397c                Reset_Handler
 .text.Default_Handler
                0x080039d0        0x4 src/startup_stm32f30x.o
                0x080039d0                RTC_Alarm_IRQHandler
                0x080039d0                TIM8_TRG_COM_IRQHandler
                0x080039d0                TIM8_CC_IRQHandler
                0x080039d0                TIM1_CC_IRQHandler
                0x080039d0                USB_HP_IRQHandler
                0x080039d0                PVD_IRQHandler
                0x080039d0                EXTI3_IRQHandler
                0x080039d0                I2C2_EV_IRQHandler
                0x080039d0                FPU_IRQHandler
                0x080039d0                EXTI2_TS_IRQHandler
                0x080039d0                TIM1_UP_TIM16_IRQHandler
                0x080039d0                ADC1_2_IRQHandler
                0x080039d0                SPI1_IRQHandler
                0x080039d0                TIM6_DAC_IRQHandler
                0x080039d0                TIM8_UP_IRQHandler
                0x080039d0                DMA2_Channel2_IRQHandler
                0x080039d0                DMA1_Channel4_IRQHandler
                0x080039d0                USART3_IRQHandler
                0x080039d0                DMA1_Channel7_IRQHandler
                0x080039d0                CAN1_RX1_IRQHandler
                0x080039d0                UART5_IRQHandler
                0x080039d0                ADC3_IRQHandler
                0x080039d0                TIM4_IRQHandler
                0x080039d0                DMA2_Channel1_IRQHandler
                0x080039d0                I2C1_EV_IRQHandler
                0x080039d0                DMA1_Channel6_IRQHandler
                0x080039d0                UART4_IRQHandler
                0x080039d0                DMA2_Channel4_IRQHandler
                0x080039d0                TIM3_IRQHandler
                0x080039d0                RCC_IRQHandler
                0x080039d0                DMA1_Channel1_IRQHandler
                0x080039d0                Default_Handler
                0x080039d0                USBWakeUp_RMP_IRQHandler
                0x080039d0                EXTI15_10_IRQHandler
                0x080039d0                TIM7_IRQHandler
                0x080039d0                EXTI9_5_IRQHandler
                0x080039d0                TAMPER_STAMP_IRQHandler
                0x080039d0                RTC_WKUP_IRQHandler
                0x080039d0                SPI2_IRQHandler
                0x080039d0                DMA2_Channel5_IRQHandler
                0x080039d0                DMA1_Channel5_IRQHandler
                0x080039d0                USB_LP_IRQHandler
                0x080039d0                EXTI4_IRQHandler
                0x080039d0                TIM1_TRG_COM_TIM17_IRQHandler
                0x080039d0                USB_HP_CAN1_TX_IRQHandler
                0x080039d0                DMA1_Channel3_IRQHandler
                0x080039d0                ADC4_IRQHandler
                0x080039d0                WWDG_IRQHandler
                0x080039d0                TIM2_IRQHandler
                0x080039d0                COMP7_IRQHandler
                0x080039d0                COMP1_2_3_IRQHandler
                0x080039d0                EXTI1_IRQHandler
                0x080039d0                USART2_IRQHandler
                0x080039d0                COMP4_5_6_IRQHandler
                0x080039d0                I2C2_ER_IRQHandler
                0x080039d0                DMA1_Channel2_IRQHandler
                0x080039d0                TIM8_BRK_IRQHandler
                0x080039d0                CAN1_SCE_IRQHandler
                0x080039d0                FLASH_IRQHandler
                0x080039d0                USART1_IRQHandler
                0x080039d0                SPI3_IRQHandler
                0x080039d0                I2C1_ER_IRQHandler
                0x080039d0                DMA2_Channel3_IRQHandler
                0x080039d0                TIM1_BRK_TIM15_IRQHandler
 .text.__libc_init_array
                0x080039d4       0x50 /opt/gcc-arm/bin/../lib/gcc/arm-none-eabi/4.8.3/../../../../arm-none-eabi/lib/armv7e-m/softfp/libc.a(lib_a-init.o)
                0x080039d4                __libc_init_array
 .text.startup.register_fini
                0x08003a24       0x14 /opt/gcc-arm/bin/../lib/gcc/arm-none-eabi/4.8.3/../../../../arm-none-eabi/lib/armv7e-m/softfp/libc.a(lib_a-__call_atexit.o)
 .text.atexit   0x08003a38        0xc /opt/gcc-arm/bin/../lib/gcc/arm-none-eabi/4.8.3/../../../../arm-none-eabi/lib/armv7e-m/softfp/libc.a(lib_a-atexit.o)
                0x08003a38                atexit
 .text.__libc_fini_array
                0x08003a44       0x30 /opt/gcc-arm/bin/../lib/gcc/arm-none-eabi/4.8.3/../../../../arm-none-eabi/lib/armv7e-m/softfp/libc.a(lib_a-fini.o)
                0x08003a44                __libc_fini_array
 .text.__register_exitproc
                0x08003a74       0xa8 /opt/gcc-arm/bin/../lib/gcc/arm-none-eabi/4.8.3/../../../../arm-none-eabi/lib/armv7e-m/softfp/libc.a(lib_a-__atexit.o)
                0x08003a74                __register_exitproc
 *(.rodata)
 .rodata        0x08003b1c        0x8 src/usb_endp.o
 *(.rodata*)
 .rodata.Virtual_Com_Port_DeviceDescriptor
                0x08003b24       0x14 src/usb_desc.o
                0x08003b24                Virtual_Com_Port_DeviceDescriptor
 .rodata.Virtual_Com_Port_ConfigDescriptor
                0x08003b38       0x44 src/usb_desc.o
                0x08003b38                Virtual_Com_Port_ConfigDescriptor
 .rodata.Virtual_Com_Port_StringLangID
                0x08003b7c        0x4 src/usb_desc.o
                0x08003b7c                Virtual_Com_Port_StringLangID
 .rodata.Virtual_Com_Port_StringVendor
                0x08003b80       0x28 src/usb_desc.o
                0x08003b80                Virtual_Com_Port_StringVendor
 .rodata.Virtual_Com_Port_StringProduct
                0x08003ba8       0x34 src/usb_desc.o
                0x08003ba8                Virtual_Com_Port_StringProduct
 .rodata.GPIO_PIN
                0x08003bdc       0x10 src/stm32f3_discovery.o
                0x08003bdc                GPIO_PIN
 .rodata.GPIO_CLK
                0x08003bec       0x20 src/stm32f3_discovery.o
                0x08003bec                GPIO_CLK
 .rodata.str1.4
                0x08003c0c        0x4 /opt/gcc-arm/bin/../lib/gcc/arm-none-eabi/4.8.3/../../../../arm-none-eabi/lib/armv7e-m/softfp/libc.a(lib_a-impure.o)
 .rodata._global_impure_ptr
                0x08003c10        0x4 /opt/gcc-arm/bin/../lib/gcc/arm-none-eabi/4.8.3/../../../../arm-none-eabi/lib/armv7e-m/softfp/libc.a(lib_a-impure.o)
                0x08003c10                _global_impure_ptr
 *(.glue_7)
 .glue_7        0x00000000        0x0 linker stubs
 *(.glue_7t)
 .glue_7t       0x00000000        0x0 linker stubs
 *(.eh_frame)
 .eh_frame      0x08003c14        0x0 /opt/gcc-arm/bin/../lib/gcc/arm-none-eabi/4.8.3/armv7e-m/softfp/crtbegin.o
 *(.init)
 .init          0x08003c14        0x4 /opt/gcc-arm/bin/../lib/gcc/arm-none-eabi/4.8.3/armv7e-m/softfp/crti.o
                0x08003c14                _init
 .init          0x08003c18        0x8 /opt/gcc-arm/bin/../lib/gcc/arm-none-eabi/4.8.3/armv7e-m/softfp/crtn.o
 *(.fini)
 .fini          0x08003c20        0x4 /opt/gcc-arm/bin/../lib/gcc/arm-none-eabi/4.8.3/armv7e-m/softfp/crti.o
                0x08003c20                _fini
 .fini          0x08003c24        0x8 /opt/gcc-arm/bin/../lib/gcc/arm-none-eabi/4.8.3/armv7e-m/softfp/crtn.o
                0x08003c2c                . = ALIGN (0x4)
                0x08003c2c                _etext = .

.vfp11_veneer   0x08003c2c        0x0
 .vfp11_veneer  0x00000000        0x0 linker stubs

.v4_bx          0x08003c2c        0x0
 .v4_bx         0x00000000        0x0 linker stubs

.iplt           0x08003c2c        0x0
 .iplt          0x00000000        0x0 /opt/gcc-arm/bin/../lib/gcc/arm-none-eabi/4.8.3/armv7e-m/softfp/crtbegin.o

.rel.dyn        0x08003c2c        0x0
 .rel.iplt      0x00000000        0x0 /opt/gcc-arm/bin/../lib/gcc/arm-none-eabi/4.8.3/armv7e-m/softfp/crtbegin.o

.ARM.extab
 *(.ARM.extab* .gnu.linkonce.armextab.*)

.ARM            0x08003c2c        0x0
                0x08003c2c                __exidx_start = .
 *(.ARM.exidx*)
                0x08003c2c                __exidx_end = .

.preinit_array  0x08003c2c        0x0
                0x08003c2c                PROVIDE (__preinit_array_start, .)
 *(.preinit_array*)
                0x08003c2c                PROVIDE (__preinit_array_end, .)

.init_array     0x08003c2c        0x8
                0x08003c2c                PROVIDE (__init_array_start, .)
 *(SORT(.init_array.*))
 .init_array.00000
                0x08003c2c        0x4 /opt/gcc-arm/bin/../lib/gcc/arm-none-eabi/4.8.3/../../../../arm-none-eabi/lib/armv7e-m/softfp/libc.a(lib_a-__call_atexit.o)
 *(.init_array*)
 .init_array    0x08003c30        0x4 /opt/gcc-arm/bin/../lib/gcc/arm-none-eabi/4.8.3/armv7e-m/softfp/crtbegin.o
                0x08003c34                PROVIDE (__init_array_end, .)

.fini_array     0x08003c34        0x4
                0x08003c34                PROVIDE (__fini_array_start, .)
 *(SORT(.fini_array.*))
 *(.fini_array*)
 .fini_array    0x08003c34        0x4 /opt/gcc-arm/bin/../lib/gcc/arm-none-eabi/4.8.3/armv7e-m/softfp/crtbegin.o
                0x08003c38                PROVIDE (__fini_array_end, .)
                0x08003c38                _sidata = LOADADDR (.data)

.data           0x20000000      0x568 load address 0x08003c38
                0x20000000                . = ALIGN (0x4)
                0x20000000                _sdata = .
 *(.data)
 *(.data*)
 .data.APBAHBPrescTable
                0x20000000       0x10 Libraries/STM32F30x_StdPeriph_Driver/src/stm32f30x_rcc.o
 .data.ADCPrescTable
                0x20000010       0x1c Libraries/STM32F30x_StdPeriph_Driver/src/stm32f30x_rcc.o
 .data.Virtual_Com_Port_StringSerial
                0x2000002c       0x1c src/usb_desc.o
                0x2000002c                Virtual_Com_Port_StringSerial
 .data.pEpInt_IN
                0x20000048       0x1c src/usb_istr.o
                0x20000048                pEpInt_IN
 .data.pEpInt_OUT
                0x20000064       0x1c src/usb_istr.o
                0x20000064                pEpInt_OUT
 .data.linecoding
                0x20000080        0x8 src/usb_prop.o
                0x20000080                linecoding
 .data.Device_Table
                0x20000088        0x4 src/usb_prop.o
                0x20000088                Device_Table
 .data.Device_Property
                0x2000008c       0x30 src/usb_prop.o
                0x2000008c                Device_Property
 .data.User_Standard_Requests
                0x200000bc       0x24 src/usb_prop.o
                0x200000bc                User_Standard_Requests
 .data.Device_Descriptor
                0x200000e0        0x8 src/usb_prop.o
                0x200000e0                Device_Descriptor
 .data.Config_Descriptor
                0x200000e8        0x8 src/usb_prop.o
                0x200000e8                Config_Descriptor
 .data.String_Descriptor
                0x200000f0       0x20 src/usb_prop.o
                0x200000f0                String_Descriptor
 .data.GPIO_PORT
                0x20000110       0x20 src/stm32f3_discovery.o
                0x20000110                GPIO_PORT
 .data.BUTTON_PORT
                0x20000130        0x4 src/stm32f3_discovery.o
                0x20000130                BUTTON_PORT
 .data.USBConnectTimeOut
                0x20000134        0x4 src/main.o
                0x20000134                USBConnectTimeOut
 .data.fSuspendEnabled
                0x20000138        0x1 src/usb_pwr.o
                0x20000138                fSuspendEnabled
 *fill*         0x20000139        0x7 
 .data.impure_data
                0x20000140      0x428 /opt/gcc-arm/bin/../lib/gcc/arm-none-eabi/4.8.3/../../../../arm-none-eabi/lib/armv7e-m/softfp/libc.a(lib_a-impure.o)
                0x20000568                . = ALIGN (0x4)
                0x20000568                _edata = .
                0x080041a0                _siccmram = LOADADDR (.ccmram)

.jcr            0x20000568        0x0 load address 0x080041a0
 .jcr           0x20000568        0x0 /opt/gcc-arm/bin/../lib/gcc/arm-none-eabi/4.8.3/armv7e-m/softfp/crtbegin.o

.igot.plt       0x20000568        0x0 load address 0x080041a0
 .igot.plt      0x00000000        0x0 /opt/gcc-arm/bin/../lib/gcc/arm-none-eabi/4.8.3/armv7e-m/softfp/crtbegin.o

.ccmram         0x10000000        0x0 load address 0x080041a0
                0x10000000                . = ALIGN (0x4)
                0x10000000                _sccmram = .
 *(.ccmram)
 *(.ccmram*)
                0x10000000                . = ALIGN (0x4)
                0x10000000                _eccmram = .
                0x10000000                . = ALIGN (0x4)

.bss            0x20000568     0x3824
                0x20000568                _sbss = .
                0x20000568                __bss_start__ = _sbss
 *(.bss)
 .bss           0x20000568       0x1c /opt/gcc-arm/bin/../lib/gcc/arm-none-eabi/4.8.3/armv7e-m/softfp/crtbegin.o
 *(.bss*)
 .bss.Data_Mul_MaxPacketSize
                0x20000584        0x1 Libraries/STM32_USB-FS-Device_Driver/src/usb_core.o
                0x20000584                Data_Mul_MaxPacketSize
 .bss.sending   0x20000585        0x1 src/usb_endp.o
                0x20000585                sending
 *fill*         0x20000586        0x2 
 .bss.count     0x20000588        0x4 src/usb_endp.o
                0x20000588                count
 .bss.Receive_Buffer
                0x2000058c       0x80 src/usb_endp.o
 .bss.bIntPackSOF
                0x2000060c        0x1 src/usb_istr.o
                0x2000060c                bIntPackSOF
 .bss.Request   0x2000060d        0x1 src/usb_prop.o
                0x2000060d                Request
 *fill*         0x2000060e        0x2 
 .bss.tickcounter
                0x20000610        0x4 src/main.o
                0x20000610                tickcounter
 .bss.divider   0x20000614        0x4 src/stm32f30x_it.o
                0x20000614                divider
 .bss.bDeviceState
                0x20000618        0x4 src/usb_pwr.o
                0x20000618                bDeviceState
 *(COMMON)
 COMMON         0x2000061c       0x32 Libraries/STM32_USB-FS-Device_Driver/src/usb_init.o
                0x2000061c                SaveState
                0x20000620                pProperty
                0x20000624                EPindex
                0x20000628                Device_Info
                0x20000644                pUser_Standard_Requests
                0x20000648                pInformation
                0x2000064c                wInterrupt_Mask
 *fill*         0x2000064e        0x2 
 COMMON         0x20000650        0x2 Libraries/STM32_USB-FS-Device_Driver/src/usb_core.o
                0x20000650                StatusInfo
 COMMON         0x20000652        0x4 Libraries/STM32_USB-FS-Device_Driver/src/usb_int.o
                0x20000652                SaveRState
                0x20000654                SaveTState
 *fill*         0x20000656        0x2 
 COMMON         0x20000658        0xc src/hw_config.o
                0x20000658                HSEStartUpStatus
                0x2000065c                EXTI_InitStructure
 COMMON         0x20000664        0x2 src/usb_istr.o
                0x20000664                wIstr
 *fill*         0x20000666        0x2 
 COMMON         0x20000668     0x3720 src/main.o
                0x20000668                sendBuf
                0x20000678                rb
                0x20000688                sendBase
                0x20000b88                allMem
 COMMON         0x20003d88        0x2 src/usb_pwr.o
                0x20003d88                ResumeS
                0x20003d8c                . = ALIGN (0x4)
 *fill*         0x20003d8a        0x2 
                0x20003d8c                _ebss = .
                0x20003d8c                __bss_end__ = _ebss

._user_heap_stack
                0x20003d8c      0x200
                0x20003d8c                . = ALIGN (0x4)
                0x20003d8c                PROVIDE (end, .)
                0x20003d8c                PROVIDE (_end, .)
                0x20003d8c                . = (. + _Min_Heap_Size)
                0x20003f8c                . = (. + _Min_Stack_Size)
 *fill*         0x20003d8c      0x200 
                0x20003f8c                . = ALIGN (0x4)

.memory_b1_text
 *(.mb1text)
 *(.mb1text*)
 *(.mb1rodata)
 *(.mb1rodata*)

/DISCARD/
 libc.a(*)
 libm.a(*)
 libgcc.a(*)

.ARM.attributes
                0x00000000       0x2e
 *(.ARM.attributes)
 .ARM.attributes
                0x00000000       0x22 /opt/gcc-arm/bin/../lib/gcc/arm-none-eabi/4.8.3/armv7e-m/softfp/crti.o
 .ARM.attributes
                0x00000022       0x32 /opt/gcc-arm/bin/../lib/gcc/arm-none-eabi/4.8.3/armv7e-m/softfp/crtbegin.o
 .ARM.attributes
                0x00000054       0x37 Libraries/STM32F30x_StdPeriph_Driver/src/stm32f30x_misc.o
 .ARM.attributes
                0x0000008b       0x37 Libraries/STM32F30x_StdPeriph_Driver/src/stm32f30x_rcc.o
 .ARM.attributes
                0x000000c2       0x37 Libraries/STM32F30x_StdPeriph_Driver/src/stm32f30x_syscfg.o
 .ARM.attributes
                0x000000f9       0x37 Libraries/STM32F30x_StdPeriph_Driver/src/stm32f30x_exti.o
 .ARM.attributes
                0x00000130       0x37 Libraries/STM32F30x_StdPeriph_Driver/src/stm32f30x_gpio.o
 .ARM.attributes
                0x00000167       0x37 Libraries/STM32_USB-FS-Device_Driver/src/usb_mem.o
 .ARM.attributes
                0x0000019e       0x37 Libraries/STM32_USB-FS-Device_Driver/src/usb_init.o
 .ARM.attributes
                0x000001d5       0x37 Libraries/STM32_USB-FS-Device_Driver/src/usb_sil.o
 .ARM.attributes
                0x0000020c       0x37 Libraries/STM32_USB-FS-Device_Driver/src/usb_core.o
 .ARM.attributes
                0x00000243       0x37 Libraries/STM32_USB-FS-Device_Driver/src/usb_regs.o
 .ARM.attributes
                0x0000027a       0x37 Libraries/STM32_USB-FS-Device_Driver/src/usb_int.o
 .ARM.attributes
                0x000002b1       0x37 src/usb_desc.o
 .ARM.attributes
                0x000002e8       0x37 src/usb_endp.o
 .ARM.attributes
                0x0000031f       0x37 src/hw_config.o
 .ARM.attributes
                0x00000356       0x37 src/usb_istr.o
 .ARM.attributes
                0x0000038d       0x37 src/usb_prop.o
 .ARM.attributes
                0x000003c4       0x37 src/stm32f3_discovery.o
 .ARM.attributes
                0x000003fb       0x37 src/ringBuffer.o
 .ARM.attributes
                0x00000432       0x37 src/main.o
 .ARM.attributes
                0x00000469       0x37 src/stm32f30x_it.o
 .ARM.attributes
                0x000004a0       0x37 src/system_stm32f30x.o
 .ARM.attributes
                0x000004d7       0x37 src/usb_pwr.o
 .ARM.attributes
                0x0000050e       0x21 src/startup_stm32f30x.o
 .ARM.attributes
                0x0000052f       0x32 /opt/gcc-arm/bin/../lib/gcc/arm-none-eabi/4.8.3/../../../../arm-none-eabi/lib/armv7e-m/softfp/libc.a(lib_a-impure.o)
 .ARM.attributes
                0x00000561       0x32 /opt/gcc-arm/bin/../lib/gcc/arm-none-eabi/4.8.3/../../../../arm-none-eabi/lib/armv7e-m/softfp/libc.a(lib_a-init.o)
 .ARM.attributes
                0x00000593       0x32 /opt/gcc-arm/bin/../lib/gcc/arm-none-eabi/4.8.3/../../../../arm-none-eabi/lib/armv7e-m/softfp/libc.a(lib_a-__call_atexit.o)
 .ARM.attributes
                0x000005c5       0x32 /opt/gcc-arm/bin/../lib/gcc/arm-none-eabi/4.8.3/../../../../arm-none-eabi/lib/armv7e-m/softfp/libc.a(lib_a-atexit.o)
 .ARM.attributes
                0x000005f7       0x32 /opt/gcc-arm/bin/../lib/gcc/arm-none-eabi/4.8.3/../../../../arm-none-eabi/lib/armv7e-m/softfp/libc.a(lib_a-fini.o)
 .ARM.attributes
                0x00000629       0x32 /opt/gcc-arm/bin/../lib/gcc/arm-none-eabi/4.8.3/../../../../arm-none-eabi/lib/armv7e-m/softfp/libc.a(lib_a-__atexit.o)
 .ARM.attributes
                0x0000065b       0x22 /opt/gcc-arm/bin/../lib/gcc/arm-none-eabi/4.8.3/armv7e-m/softfp/crtn.o
OUTPUT(stm32f3.elf elf32-littlearm)

.debug_info     0x00000000     0x76a5
 .debug_info    0x00000000      0x541 Libraries/STM32F30x_StdPeriph_Driver/src/stm32f30x_misc.o
 .debug_info    0x00000541      0xab0 Libraries/STM32F30x_StdPeriph_Driver/src/stm32f30x_rcc.o
 .debug_info    0x00000ff1      0x3ca Libraries/STM32F30x_StdPeriph_Driver/src/stm32f30x_syscfg.o
 .debug_info    0x000013bb      0x3b8 Libraries/STM32F30x_StdPeriph_Driver/src/stm32f30x_exti.o
 .debug_info    0x00001773      0x5fe Libraries/STM32F30x_StdPeriph_Driver/src/stm32f30x_gpio.o
 .debug_info    0x00001d71      0x1d6 Libraries/STM32_USB-FS-Device_Driver/src/usb_mem.o
 .debug_info    0x00001f47      0x454 Libraries/STM32_USB-FS-Device_Driver/src/usb_init.o
 .debug_info    0x0000239b      0x18a Libraries/STM32_USB-FS-Device_Driver/src/usb_sil.o
 .debug_info    0x00002525      0xb62 Libraries/STM32_USB-FS-Device_Driver/src/usb_core.o
 .debug_info    0x00003087      0xcab Libraries/STM32_USB-FS-Device_Driver/src/usb_regs.o
 .debug_info    0x00003d32      0x1f7 Libraries/STM32_USB-FS-Device_Driver/src/usb_int.o
 .debug_info    0x00003f29      0x187 src/usb_desc.o
 .debug_info    0x000040b0      0x3f9 src/usb_endp.o
 .debug_info    0x000044a9      0x90e src/hw_config.o
 .debug_info    0x00004db7      0x2e3 src/usb_istr.o
 .debug_info    0x0000509a      0x827 src/usb_prop.o
 .debug_info    0x000058c1      0x857 src/stm32f3_discovery.o
 .debug_info    0x00006118      0x235 src/ringBuffer.o
 .debug_info    0x0000634d      0x91d src/main.o
 .debug_info    0x00006c6a      0x263 src/stm32f30x_it.o
 .debug_info    0x00006ecd      0x49c src/system_stm32f30x.o
 .debug_info    0x00007369      0x2e5 src/usb_pwr.o
 .debug_info    0x0000764e       0x57 src/startup_stm32f30x.o

.debug_abbrev   0x00000000     0x1e88
 .debug_abbrev  0x00000000      0x147 Libraries/STM32F30x_StdPeriph_Driver/src/stm32f30x_misc.o
 .debug_abbrev  0x00000147      0x1e5 Libraries/STM32F30x_StdPeriph_Driver/src/stm32f30x_rcc.o
 .debug_abbrev  0x0000032c      0x183 Libraries/STM32F30x_StdPeriph_Driver/src/stm32f30x_syscfg.o
 .debug_abbrev  0x000004af      0x17c Libraries/STM32F30x_StdPeriph_Driver/src/stm32f30x_exti.o
 .debug_abbrev  0x0000062b      0x196 Libraries/STM32F30x_StdPeriph_Driver/src/stm32f30x_gpio.o
 .debug_abbrev  0x000007c1       0x9f Libraries/STM32_USB-FS-Device_Driver/src/usb_mem.o
 .debug_abbrev  0x00000860      0x120 Libraries/STM32_USB-FS-Device_Driver/src/usb_init.o
 .debug_abbrev  0x00000980       0xbd Libraries/STM32_USB-FS-Device_Driver/src/usb_sil.o
 .debug_abbrev  0x00000a3d      0x292 Libraries/STM32_USB-FS-Device_Driver/src/usb_core.o
 .debug_abbrev  0x00000ccf      0x16f Libraries/STM32_USB-FS-Device_Driver/src/usb_regs.o
 .debug_abbrev  0x00000e3e       0xd0 Libraries/STM32_USB-FS-Device_Driver/src/usb_int.o
 .debug_abbrev  0x00000f0e       0x75 src/usb_desc.o
 .debug_abbrev  0x00000f83      0x1b5 src/usb_endp.o
 .debug_abbrev  0x00001138      0x223 src/hw_config.o
 .debug_abbrev  0x0000135b      0x107 src/usb_istr.o
 .debug_abbrev  0x00001462      0x208 src/usb_prop.o
 .debug_abbrev  0x0000166a      0x185 src/stm32f3_discovery.o
 .debug_abbrev  0x000017ef      0x103 src/ringBuffer.o
 .debug_abbrev  0x000018f2      0x223 src/main.o
 .debug_abbrev  0x00001b15       0xed src/stm32f30x_it.o
 .debug_abbrev  0x00001c02      0x147 src/system_stm32f30x.o
 .debug_abbrev  0x00001d49      0x12d src/usb_pwr.o
 .debug_abbrev  0x00001e76       0x12 src/startup_stm32f30x.o

.debug_aranges  0x00000000      0x978
 .debug_aranges
                0x00000000       0x40 Libraries/STM32F30x_StdPeriph_Driver/src/stm32f30x_misc.o
 .debug_aranges
                0x00000040      0x150 Libraries/STM32F30x_StdPeriph_Driver/src/stm32f30x_rcc.o
 .debug_aranges
                0x00000190       0x88 Libraries/STM32F30x_StdPeriph_Driver/src/stm32f30x_syscfg.o
 .debug_aranges
                0x00000218       0x58 Libraries/STM32F30x_StdPeriph_Driver/src/stm32f30x_exti.o
 .debug_aranges
                0x00000270       0x80 Libraries/STM32F30x_StdPeriph_Driver/src/stm32f30x_gpio.o
 .debug_aranges
                0x000002f0       0x28 Libraries/STM32_USB-FS-Device_Driver/src/usb_mem.o
 .debug_aranges
                0x00000318       0x20 Libraries/STM32_USB-FS-Device_Driver/src/usb_init.o
 .debug_aranges
                0x00000338       0x30 Libraries/STM32_USB-FS-Device_Driver/src/usb_sil.o
 .debug_aranges
                0x00000368       0xb0 Libraries/STM32_USB-FS-Device_Driver/src/usb_core.o
 .debug_aranges
                0x00000418      0x1f0 Libraries/STM32_USB-FS-Device_Driver/src/usb_regs.o
 .debug_aranges
                0x00000608       0x28 Libraries/STM32_USB-FS-Device_Driver/src/usb_int.o
 .debug_aranges
                0x00000630       0x18 src/usb_desc.o
 .debug_aranges
                0x00000648       0x48 src/usb_endp.o
 .debug_aranges
                0x00000690       0x60 src/hw_config.o
 .debug_aranges
                0x000006f0       0x20 src/usb_istr.o
 .debug_aranges
                0x00000710       0x88 src/usb_prop.o
 .debug_aranges
                0x00000798       0x48 src/stm32f3_discovery.o
 .debug_aranges
                0x000007e0       0x40 src/ringBuffer.o
 .debug_aranges
                0x00000820       0x48 src/main.o
 .debug_aranges
                0x00000868       0x78 src/stm32f30x_it.o
 .debug_aranges
                0x000008e0       0x30 src/system_stm32f30x.o
 .debug_aranges
                0x00000910       0x40 src/usb_pwr.o
 .debug_aranges
                0x00000950       0x28 src/startup_stm32f30x.o

.debug_ranges   0x00000000      0x820
 .debug_ranges  0x00000000       0x30 Libraries/STM32F30x_StdPeriph_Driver/src/stm32f30x_misc.o
 .debug_ranges  0x00000030      0x140 Libraries/STM32F30x_StdPeriph_Driver/src/stm32f30x_rcc.o
 .debug_ranges  0x00000170       0x78 Libraries/STM32F30x_StdPeriph_Driver/src/stm32f30x_syscfg.o
 .debug_ranges  0x000001e8       0x48 Libraries/STM32F30x_StdPeriph_Driver/src/stm32f30x_exti.o
 .debug_ranges  0x00000230       0x70 Libraries/STM32F30x_StdPeriph_Driver/src/stm32f30x_gpio.o
 .debug_ranges  0x000002a0       0x18 Libraries/STM32_USB-FS-Device_Driver/src/usb_mem.o
 .debug_ranges  0x000002b8       0x10 Libraries/STM32_USB-FS-Device_Driver/src/usb_init.o
 .debug_ranges  0x000002c8       0x20 Libraries/STM32_USB-FS-Device_Driver/src/usb_sil.o
 .debug_ranges  0x000002e8       0xb8 Libraries/STM32_USB-FS-Device_Driver/src/usb_core.o
 .debug_ranges  0x000003a0      0x1e0 Libraries/STM32_USB-FS-Device_Driver/src/usb_regs.o
 .debug_ranges  0x00000580       0x18 Libraries/STM32_USB-FS-Device_Driver/src/usb_int.o
 .debug_ranges  0x00000598       0x38 src/usb_endp.o
 .debug_ranges  0x000005d0       0x50 src/hw_config.o
 .debug_ranges  0x00000620       0x10 src/usb_istr.o
 .debug_ranges  0x00000630       0x78 src/usb_prop.o
 .debug_ranges  0x000006a8       0x38 src/stm32f3_discovery.o
 .debug_ranges  0x000006e0       0x30 src/ringBuffer.o
 .debug_ranges  0x00000710       0x38 src/main.o
 .debug_ranges  0x00000748       0x68 src/stm32f30x_it.o
 .debug_ranges  0x000007b0       0x20 src/system_stm32f30x.o
 .debug_ranges  0x000007d0       0x30 src/usb_pwr.o
 .debug_ranges  0x00000800       0x20 src/startup_stm32f30x.o

.debug_line     0x00000000     0x337e
 .debug_line    0x00000000      0x1d2 Libraries/STM32F30x_StdPeriph_Driver/src/stm32f30x_misc.o
 .debug_line    0x000001d2      0x508 Libraries/STM32F30x_StdPeriph_Driver/src/stm32f30x_rcc.o
 .debug_line    0x000006da      0x244 Libraries/STM32F30x_StdPeriph_Driver/src/stm32f30x_syscfg.o
 .debug_line    0x0000091e      0x22c Libraries/STM32F30x_StdPeriph_Driver/src/stm32f30x_exti.o
 .debug_line    0x00000b4a      0x29d Libraries/STM32F30x_StdPeriph_Driver/src/stm32f30x_gpio.o
 .debug_line    0x00000de7      0x152 Libraries/STM32_USB-FS-Device_Driver/src/usb_mem.o
 .debug_line    0x00000f39      0x135 Libraries/STM32_USB-FS-Device_Driver/src/usb_init.o
 .debug_line    0x0000106e      0x15b Libraries/STM32_USB-FS-Device_Driver/src/usb_sil.o
 .debug_line    0x000011c9      0x472 Libraries/STM32_USB-FS-Device_Driver/src/usb_core.o
 .debug_line    0x0000163b      0x649 Libraries/STM32_USB-FS-Device_Driver/src/usb_regs.o
 .debug_line    0x00001c84      0x21f Libraries/STM32_USB-FS-Device_Driver/src/usb_int.o
 .debug_line    0x00001ea3       0xc3 src/usb_desc.o
 .debug_line    0x00001f66      0x223 src/usb_endp.o
 .debug_line    0x00002189      0x2d7 src/hw_config.o
 .debug_line    0x00002460      0x151 src/usb_istr.o
 .debug_line    0x000025b1      0x27c src/usb_prop.o
 .debug_line    0x0000282d      0x20b src/stm32f3_discovery.o
 .debug_line    0x00002a38      0x114 src/ringBuffer.o
 .debug_line    0x00002b4c      0x21a src/main.o
 .debug_line    0x00002d66      0x22b src/stm32f30x_it.o
 .debug_line    0x00002f91      0x18a src/system_stm32f30x.o
 .debug_line    0x0000311b      0x1ef src/usb_pwr.o
 .debug_line    0x0000330a       0x74 src/startup_stm32f30x.o

.debug_str      0x00000000     0x2d36
 .debug_str     0x00000000      0x3c0 Libraries/STM32F30x_StdPeriph_Driver/src/stm32f30x_misc.o
                                0x421 (size before relaxing)
 .debug_str     0x000003c0      0x626 Libraries/STM32F30x_StdPeriph_Driver/src/stm32f30x_rcc.o
                                0x847 (size before relaxing)
 .debug_str     0x000009e6      0x263 Libraries/STM32F30x_StdPeriph_Driver/src/stm32f30x_syscfg.o
                                0x453 (size before relaxing)
 .debug_str     0x00000c49      0x1f1 Libraries/STM32F30x_StdPeriph_Driver/src/stm32f30x_exti.o
                                0x3d3 (size before relaxing)
 .debug_str     0x00000e3a      0x2e9 Libraries/STM32F30x_StdPeriph_Driver/src/stm32f30x_gpio.o
                                0x4eb (size before relaxing)
 .debug_str     0x00001123       0x8b Libraries/STM32_USB-FS-Device_Driver/src/usb_mem.o
                                0x246 (size before relaxing)
 .debug_str     0x000011ae      0x324 Libraries/STM32_USB-FS-Device_Driver/src/usb_init.o
                                0x586 (size before relaxing)
 .debug_str     0x000014d2       0x89 Libraries/STM32_USB-FS-Device_Driver/src/usb_sil.o
                                0x254 (size before relaxing)
 .debug_str     0x0000155b      0x4f8 Libraries/STM32_USB-FS-Device_Driver/src/usb_core.o
                                0xab2 (size before relaxing)
 .debug_str     0x00001a53      0x3f7 Libraries/STM32_USB-FS-Device_Driver/src/usb_regs.o
                                0x5ce (size before relaxing)
 .debug_str     0x00001e4a       0x63 Libraries/STM32_USB-FS-Device_Driver/src/usb_int.o
                                0x245 (size before relaxing)
 .debug_str     0x00001ead       0xcc src/usb_desc.o
                                0x25f (size before relaxing)
 .debug_str     0x00001f79      0x15a src/usb_endp.o
                                0x322 (size before relaxing)
 .debug_str     0x000020d3      0x57d src/hw_config.o
                                0xbf2 (size before relaxing)
 .debug_str     0x00002650       0xa9 src/usb_istr.o
                                0x3bb (size before relaxing)
 .debug_str     0x000026f9      0x23d src/usb_prop.o
                                0x97f (size before relaxing)
 .debug_str     0x00002936      0x140 src/stm32f3_discovery.o
                                0xaa9 (size before relaxing)
 .debug_str     0x00002a76       0x4f src/ringBuffer.o
                                0x220 (size before relaxing)
 .debug_str     0x00002ac5       0xae src/main.o
                                0x968 (size before relaxing)
 .debug_str     0x00002b73       0xec src/stm32f30x_it.o
                                0x361 (size before relaxing)
 .debug_str     0x00002c5f       0x78 src/system_stm32f30x.o
                                0x336 (size before relaxing)
 .debug_str     0x00002cd7       0x5f src/usb_pwr.o
                                0x382 (size before relaxing)

.comment        0x00000000       0x70
 .comment       0x00000000       0x70 Libraries/STM32F30x_StdPeriph_Driver/src/stm32f30x_misc.o
                                 0x71 (size before relaxing)
 .comment       0x00000000       0x71 Libraries/STM32F30x_StdPeriph_Driver/src/stm32f30x_rcc.o
 .comment       0x00000000       0x71 Libraries/STM32F30x_StdPeriph_Driver/src/stm32f30x_syscfg.o
 .comment       0x00000000       0x71 Libraries/STM32F30x_StdPeriph_Driver/src/stm32f30x_exti.o
 .comment       0x00000000       0x71 Libraries/STM32F30x_StdPeriph_Driver/src/stm32f30x_gpio.o
 .comment       0x00000000       0x71 Libraries/STM32_USB-FS-Device_Driver/src/usb_mem.o
 .comment       0x00000000       0x71 Libraries/STM32_USB-FS-Device_Driver/src/usb_init.o
 .comment       0x00000000       0x71 Libraries/STM32_USB-FS-Device_Driver/src/usb_sil.o
 .comment       0x00000000       0x71 Libraries/STM32_USB-FS-Device_Driver/src/usb_core.o
 .comment       0x00000000       0x71 Libraries/STM32_USB-FS-Device_Driver/src/usb_regs.o
 .comment       0x00000000       0x71 Libraries/STM32_USB-FS-Device_Driver/src/usb_int.o
 .comment       0x00000000       0x71 src/usb_desc.o
 .comment       0x00000000       0x71 src/usb_endp.o
 .comment       0x00000000       0x71 src/hw_config.o
 .comment       0x00000000       0x71 src/usb_istr.o
 .comment       0x00000000       0x71 src/usb_prop.o
 .comment       0x00000000       0x71 src/stm32f3_discovery.o
 .comment       0x00000000       0x71 src/ringBuffer.o
 .comment       0x00000000       0x71 src/main.o
 .comment       0x00000000       0x71 src/stm32f30x_it.o
 .comment       0x00000000       0x71 src/system_stm32f30x.o
 .comment       0x00000000       0x71 src/usb_pwr.o

.debug_frame    0x00000000     0x1c18
 .debug_frame   0x00000000       0x9c Libraries/STM32F30x_StdPeriph_Driver/src/stm32f30x_misc.o
 .debug_frame   0x0000009c      0x44c Libraries/STM32F30x_StdPeriph_Driver/src/stm32f30x_rcc.o
 .debug_frame   0x000004e8      0x194 Libraries/STM32F30x_StdPeriph_Driver/src/stm32f30x_syscfg.o
 .debug_frame   0x0000067c       0xec Libraries/STM32F30x_StdPeriph_Driver/src/stm32f30x_exti.o
 .debug_frame   0x00000768      0x180 Libraries/STM32F30x_StdPeriph_Driver/src/stm32f30x_gpio.o
 .debug_frame   0x000008e8       0x48 Libraries/STM32_USB-FS-Device_Driver/src/usb_mem.o
 .debug_frame   0x00000930       0x2c Libraries/STM32_USB-FS-Device_Driver/src/usb_init.o
 .debug_frame   0x0000095c       0x68 Libraries/STM32_USB-FS-Device_Driver/src/usb_sil.o
 .debug_frame   0x000009c4      0x254 Libraries/STM32_USB-FS-Device_Driver/src/usb_core.o
 .debug_frame   0x00000c18      0x684 Libraries/STM32_USB-FS-Device_Driver/src/usb_regs.o
 .debug_frame   0x0000129c       0x50 Libraries/STM32_USB-FS-Device_Driver/src/usb_int.o
 .debug_frame   0x000012ec       0xc8 src/usb_endp.o
 .debug_frame   0x000013b4      0x124 src/hw_config.o
 .debug_frame   0x000014d8       0x2c src/usb_istr.o
 .debug_frame   0x00001504      0x19c src/usb_prop.o
 .debug_frame   0x000016a0       0xc4 src/stm32f3_discovery.o
 .debug_frame   0x00001764       0xa0 src/ringBuffer.o
 .debug_frame   0x00001804       0xc4 src/main.o
 .debug_frame   0x000018c8      0x150 src/stm32f30x_it.o
 .debug_frame   0x00001a18       0x64 src/system_stm32f30x.o
 .debug_frame   0x00001a7c       0xac src/usb_pwr.o
 .debug_frame   0x00001b28       0x2c /opt/gcc-arm/bin/../lib/gcc/arm-none-eabi/4.8.3/../../../../arm-none-eabi/lib/armv7e-m/softfp/libc.a(lib_a-init.o)
 .debug_frame   0x00001b54       0x48 /opt/gcc-arm/bin/../lib/gcc/arm-none-eabi/4.8.3/../../../../arm-none-eabi/lib/armv7e-m/softfp/libc.a(lib_a-__call_atexit.o)
 .debug_frame   0x00001b9c       0x20 /opt/gcc-arm/bin/../lib/gcc/arm-none-eabi/4.8.3/../../../../arm-none-eabi/lib/armv7e-m/softfp/libc.a(lib_a-atexit.o)
 .debug_frame   0x00001bbc       0x2c /opt/gcc-arm/bin/../lib/gcc/arm-none-eabi/4.8.3/../../../../arm-none-eabi/lib/armv7e-m/softfp/libc.a(lib_a-fini.o)
 .debug_frame   0x00001be8       0x30 /opt/gcc-arm/bin/../lib/gcc/arm-none-eabi/4.8.3/../../../../arm-none-eabi/lib/armv7e-m/softfp/libc.a(lib_a-__atexit.o)
