Archive member included because of file (symbol)

/opt/gcc-arm/bin/../lib/gcc/arm-none-eabi/4.8.3/../../../../arm-none-eabi/lib/armv7e-m/softfp/libc.a(lib_a-exit.o)
                              /opt/gcc-arm/bin/../lib/gcc/arm-none-eabi/4.8.3/../../../../arm-none-eabi/lib/armv7e-m/softfp/crt0.o (exit)
/opt/gcc-arm/bin/../lib/gcc/arm-none-eabi/4.8.3/../../../../arm-none-eabi/lib/armv7e-m/softfp/libc.a(lib_a-impure.o)
                              /opt/gcc-arm/bin/../lib/gcc/arm-none-eabi/4.8.3/../../../../arm-none-eabi/lib/armv7e-m/softfp/libc.a(lib_a-exit.o) (_global_impure_ptr)
/opt/gcc-arm/bin/../lib/gcc/arm-none-eabi/4.8.3/../../../../arm-none-eabi/lib/armv7e-m/softfp/libc.a(lib_a-init.o)
                              /opt/gcc-arm/bin/../lib/gcc/arm-none-eabi/4.8.3/../../../../arm-none-eabi/lib/armv7e-m/softfp/crt0.o (__libc_init_array)
/opt/gcc-arm/bin/../lib/gcc/arm-none-eabi/4.8.3/../../../../arm-none-eabi/lib/armv7e-m/softfp/libc.a(lib_a-memset.o)
                              /opt/gcc-arm/bin/../lib/gcc/arm-none-eabi/4.8.3/../../../../arm-none-eabi/lib/armv7e-m/softfp/crt0.o (memset)
/opt/gcc-arm/bin/../lib/gcc/arm-none-eabi/4.8.3/../../../../arm-none-eabi/lib/armv7e-m/softfp/libc.a(lib_a-__call_atexit.o)
                              /opt/gcc-arm/bin/../lib/gcc/arm-none-eabi/4.8.3/../../../../arm-none-eabi/lib/armv7e-m/softfp/libc.a(lib_a-exit.o) (__call_exitprocs)
/opt/gcc-arm/bin/../lib/gcc/arm-none-eabi/4.8.3/../../../../arm-none-eabi/lib/armv7e-m/softfp/libc.a(lib_a-atexit.o)
                              /opt/gcc-arm/bin/../lib/gcc/arm-none-eabi/4.8.3/../../../../arm-none-eabi/lib/armv7e-m/softfp/libc.a(lib_a-__call_atexit.o) (atexit)
/opt/gcc-arm/bin/../lib/gcc/arm-none-eabi/4.8.3/../../../../arm-none-eabi/lib/armv7e-m/softfp/libc.a(lib_a-fini.o)
                              /opt/gcc-arm/bin/../lib/gcc/arm-none-eabi/4.8.3/../../../../arm-none-eabi/lib/armv7e-m/softfp/libc.a(lib_a-__call_atexit.o) (__libc_fini_array)
/opt/gcc-arm/bin/../lib/gcc/arm-none-eabi/4.8.3/../../../../arm-none-eabi/lib/armv7e-m/softfp/libc.a(lib_a-__atexit.o)
                              /opt/gcc-arm/bin/../lib/gcc/arm-none-eabi/4.8.3/../../../../arm-none-eabi/lib/armv7e-m/softfp/libc.a(lib_a-atexit.o) (__register_exitproc)

Allocating common symbols
Common symbol       size              file

SaveRState          0x2               Libraries/STM32_USB-FS-Device_Driver/src/usb_int.o
HSEStartUpStatus    0x1               src/hw_config.o
sendBuf             0x10              src/main.o
SaveState           0x2               Libraries/STM32_USB-FS-Device_Driver/src/usb_init.o
currentBuf          0x4               src/main.o
wIstr               0x2               src/usb_istr.o
pProperty           0x4               Libraries/STM32_USB-FS-Device_Driver/src/usb_init.o
EPindex             0x1               Libraries/STM32_USB-FS-Device_Driver/src/usb_init.o
SaveTState          0x2               Libraries/STM32_USB-FS-Device_Driver/src/usb_int.o
freeStackPtr        0x4               src/main.o
Device_Info         0x1c              Libraries/STM32_USB-FS-Device_Driver/src/usb_init.o
pUser_Standard_Requests
                    0x4               Libraries/STM32_USB-FS-Device_Driver/src/usb_init.o
freeBuf             0x400             src/main.o
StatusInfo          0x2               Libraries/STM32_USB-FS-Device_Driver/src/usb_core.o
pInformation        0x4               Libraries/STM32_USB-FS-Device_Driver/src/usb_init.o
ResumeS             0x2               src/usb_pwr.o
dataBuf             0x10              src/main.o
allMem              0x8400            src/main.o
EXTI_InitStructure  0x8               src/hw_config.o
wInterrupt_Mask     0x2               Libraries/STM32_USB-FS-Device_Driver/src/usb_init.o

Discarded input sections

 .text          0x00000000        0x0 /opt/gcc-arm/bin/../lib/gcc/arm-none-eabi/4.8.3/armv7e-m/softfp/crti.o
 .data          0x00000000        0x0 /opt/gcc-arm/bin/../lib/gcc/arm-none-eabi/4.8.3/armv7e-m/softfp/crti.o
 .bss           0x00000000        0x0 /opt/gcc-arm/bin/../lib/gcc/arm-none-eabi/4.8.3/armv7e-m/softfp/crti.o
 .data          0x00000000        0x4 /opt/gcc-arm/bin/../lib/gcc/arm-none-eabi/4.8.3/armv7e-m/softfp/crtbegin.o
 .text          0x00000000       0x74 /opt/gcc-arm/bin/../lib/gcc/arm-none-eabi/4.8.3/../../../../arm-none-eabi/lib/armv7e-m/softfp/crt0.o
 .data          0x00000000        0x0 /opt/gcc-arm/bin/../lib/gcc/arm-none-eabi/4.8.3/../../../../arm-none-eabi/lib/armv7e-m/softfp/crt0.o
 .bss           0x00000000        0x0 /opt/gcc-arm/bin/../lib/gcc/arm-none-eabi/4.8.3/../../../../arm-none-eabi/lib/armv7e-m/softfp/crt0.o
 .ARM.extab     0x00000000        0x0 /opt/gcc-arm/bin/../lib/gcc/arm-none-eabi/4.8.3/../../../../arm-none-eabi/lib/armv7e-m/softfp/crt0.o
 .ARM.exidx     0x00000000        0x8 /opt/gcc-arm/bin/../lib/gcc/arm-none-eabi/4.8.3/../../../../arm-none-eabi/lib/armv7e-m/softfp/crt0.o
 .ARM.attributes
[...]
Memory Configuration

Name             Origin             Length             Attributes
FLASH            0x08000000         0x00040000         xr
RAM              0x20000000         0x0000a000         xrw
MEMORY_B1        0x60000000         0x00000000         xr
CCMRAM           0x10000000         0x00002000         rw
*default*        0x00000000         0xffffffff

Linker script and memory map

LOAD /opt/gcc-arm/bin/../lib/gcc/arm-none-eabi/4.8.3/armv7e-m/softfp/crti.o
LOAD /opt/gcc-arm/bin/../lib/gcc/arm-none-eabi/4.8.3/armv7e-m/softfp/crtbegin.o
LOAD /opt/gcc-arm/bin/../lib/gcc/arm-none-eabi/4.8.3/../../../../arm-none-eabi/lib/armv7e-m/softfp/crt0.o
LOAD Libraries/STM32F30x_StdPeriph_Driver/src/stm32f30x_comp.o
LOAD Libraries/STM32F30x_StdPeriph_Driver/src/stm32f30x_opamp.o
LOAD Libraries/STM32F30x_StdPeriph_Driver/src/stm32f30x_misc.o
LOAD Libraries/STM32F30x_StdPeriph_Driver/src/stm32f30x_rtc.o
LOAD Libraries/STM32F30x_StdPeriph_Driver/src/stm32f30x_dbgmcu.o
LOAD Libraries/STM32F30x_StdPeriph_Driver/src/stm32f30x_can.o
LOAD Libraries/STM32F30x_StdPeriph_Driver/src/stm32f30x_pwr.o
LOAD Libraries/STM32F30x_StdPeriph_Driver/src/stm32f30x_crc.o
LOAD Libraries/STM32F30x_StdPeriph_Driver/src/stm32f30x_i2c.o
LOAD Libraries/STM32F30x_StdPeriph_Driver/src/stm32f30x_rcc.o
LOAD Libraries/STM32F30x_StdPeriph_Driver/src/stm32f30x_flash.o
LOAD Libraries/STM32F30x_StdPeriph_Driver/src/stm32f30x_dma.o
LOAD Libraries/STM32F30x_StdPeriph_Driver/src/stm32f30x_syscfg.o
LOAD Libraries/STM32F30x_StdPeriph_Driver/src/stm32f30x_exti.o
LOAD Libraries/STM32F30x_StdPeriph_Driver/src/stm32f30x_usart.o
LOAD Libraries/STM32F30x_StdPeriph_Driver/src/stm32f30x_dac.o
LOAD Libraries/STM32F30x_StdPeriph_Driver/src/stm32f30x_tim.o
LOAD Libraries/STM32F30x_StdPeriph_Driver/src/stm32f30x_iwdg.o
LOAD Libraries/STM32F30x_StdPeriph_Driver/src/stm32f30x_adc.o
LOAD Libraries/STM32F30x_StdPeriph_Driver/src/stm32f30x_spi.o
LOAD Libraries/STM32F30x_StdPeriph_Driver/src/stm32f30x_gpio.o
LOAD Libraries/STM32F30x_StdPeriph_Driver/src/stm32f30x_wwdg.o
LOAD Libraries/STM32_USB-FS-Device_Driver/src/usb_mem.o
LOAD Libraries/STM32_USB-FS-Device_Driver/src/usb_init.o
LOAD Libraries/STM32_USB-FS-Device_Driver/src/usb_sil.o
LOAD Libraries/STM32_USB-FS-Device_Driver/src/usb_core.o
LOAD Libraries/STM32_USB-FS-Device_Driver/src/usb_regs.o
LOAD Libraries/STM32_USB-FS-Device_Driver/src/usb_int.o
LOAD src/usb_desc.o
LOAD src/mem.o
LOAD src/usb_endp.o
LOAD src/hw_config.o
LOAD src/deque.o
LOAD src/usb_istr.o
LOAD src/usb_prop.o
LOAD src/stm32f3_discovery.o
LOAD src/main.o
LOAD src/stm32f30x_it.o
LOAD src/system_stm32f30x.o
LOAD src/usb_pwr.o
LOAD src/startup_stm32f30x.o
LOAD /opt/gcc-arm/bin/../lib/gcc/arm-none-eabi/4.8.3/../../../../arm-none-eabi/lib/armv7e-m/softfp/libm.a
LOAD /opt/gcc-arm/bin/../lib/gcc/arm-none-eabi/4.8.3/../../../../arm-none-eabi/lib/armv7e-m/softfp/libc.a
START GROUP
LOAD /opt/gcc-arm/bin/../lib/gcc/arm-none-eabi/4.8.3/armv7e-m/softfp/libgcc.a
LOAD /opt/gcc-arm/bin/../lib/gcc/arm-none-eabi/4.8.3/../../../../arm-none-eabi/lib/armv7e-m/softfp/libg.a
LOAD /opt/gcc-arm/bin/../lib/gcc/arm-none-eabi/4.8.3/../../../../arm-none-eabi/lib/armv7e-m/softfp/libc.a
END GROUP
LOAD /opt/gcc-arm/bin/../lib/gcc/arm-none-eabi/4.8.3/armv7e-m/softfp/crtend.o
LOAD /opt/gcc-arm/bin/../lib/gcc/arm-none-eabi/4.8.3/armv7e-m/softfp/crtn.o
                0x2000a000                _estack = 0x2000a000
                0x00000000                _Min_Heap_Size = 0x0
                0x00000200                _Min_Stack_Size = 0x200

.isr_vector     0x08000000      0x188
                0x08000000                . = ALIGN (0x4)
 *(.isr_vector)
 .isr_vector    0x08000000      0x188 src/startup_stm32f30x.o
                0x08000000                g_pfnVectors
                0x08000188                . = ALIGN (0x4)

.text           0x08000188     0x3c44
                0x08000188                . = ALIGN (0x4)
 *(.text)
 .text          0x08000188       0x54 /opt/gcc-arm/bin/../lib/gcc/arm-none-eabi/4.8.3/armv7e-m/softfp/crtbegin.o
 *(.text*)
 .text.NVIC_PriorityGroupConfig
                0x080001dc       0x24 Libraries/STM32F30x_StdPeriph_Driver/src/stm32f30x_misc.o
                0x080001dc                NVIC_PriorityGroupConfig
 .text.NVIC_Init
                0x08000200       0xc0 Libraries/STM32F30x_StdPeriph_Driver/src/stm32f30x_misc.o
                0x08000200                NVIC_Init
 .text.RCC_HSEConfig
                0x080002c0       0x24 Libraries/STM32F30x_StdPeriph_Driver/src/stm32f30x_rcc.o
                0x080002c0                RCC_HSEConfig
 .text.RCC_WaitForHSEStartUp
                0x080002e4       0x50 Libraries/STM32F30x_StdPeriph_Driver/src/stm32f30x_rcc.o
                0x080002e4                RCC_WaitForHSEStartUp
 .text.RCC_PLLCmd
                0x08000334       0x20 Libraries/STM32F30x_StdPeriph_Driver/src/stm32f30x_rcc.o
                0x08000334                RCC_PLLCmd
 .text.RCC_SYSCLKConfig
                0x08000354       0x38 Libraries/STM32F30x_StdPeriph_Driver/src/stm32f30x_rcc.o
                0x08000354                RCC_SYSCLKConfig
 .text.RCC_GetSYSCLKSource
                0x0800038c       0x20 Libraries/STM32F30x_StdPeriph_Driver/src/stm32f30x_rcc.o
                0x0800038c                RCC_GetSYSCLKSource
 .text.RCC_GetClocksFreq
                0x080003ac      0x414 Libraries/STM32F30x_StdPeriph_Driver/src/stm32f30x_rcc.o
                0x080003ac                RCC_GetClocksFreq
 .text.RCC_USBCLKConfig
                0x080007c0       0x1c Libraries/STM32F30x_StdPeriph_Driver/src/stm32f30x_rcc.o
                0x080007c0                RCC_USBCLKConfig
 .text.RCC_AHBPeriphClockCmd
                0x080007dc       0x3c Libraries/STM32F30x_StdPeriph_Driver/src/stm32f30x_rcc.o
                0x080007dc                RCC_AHBPeriphClockCmd
 .text.RCC_APB2PeriphClockCmd
                0x08000818       0x3c Libraries/STM32F30x_StdPeriph_Driver/src/stm32f30x_rcc.o
                0x08000818                RCC_APB2PeriphClockCmd
 .text.RCC_APB1PeriphClockCmd
                0x08000854       0x3c Libraries/STM32F30x_StdPeriph_Driver/src/stm32f30x_rcc.o
                0x08000854                RCC_APB1PeriphClockCmd
 .text.RCC_GetFlagStatus
                0x08000890       0x84 Libraries/STM32F30x_StdPeriph_Driver/src/stm32f30x_rcc.o
                0x08000890                RCC_GetFlagStatus
 .text.SYSCFG_EXTILineConfig
                0x08000914       0x7c Libraries/STM32F30x_StdPeriph_Driver/src/stm32f30x_syscfg.o
                0x08000914                SYSCFG_EXTILineConfig
 .text.EXTI_Init
                0x08000990      0x1f4 Libraries/STM32F30x_StdPeriph_Driver/src/stm32f30x_exti.o
                0x08000990                EXTI_Init
 .text.EXTI_GetITStatus
                0x08000b84       0x70 Libraries/STM32F30x_StdPeriph_Driver/src/stm32f30x_exti.o
                0x08000b84                EXTI_GetITStatus
 .text.EXTI_ClearITPendingBit
                0x08000bf4       0x30 Libraries/STM32F30x_StdPeriph_Driver/src/stm32f30x_exti.o
                0x08000bf4                EXTI_ClearITPendingBit
 .text.GPIO_Init
                0x08000c24      0x128 Libraries/STM32F30x_StdPeriph_Driver/src/stm32f30x_gpio.o
                0x08000c24                GPIO_Init
 .text.GPIO_ReadInputDataBit
                0x08000d4c       0x38 Libraries/STM32F30x_StdPeriph_Driver/src/stm32f30x_gpio.o
                0x08000d4c                GPIO_ReadInputDataBit
 .text.GPIO_SetBits
                0x08000d84       0x1c Libraries/STM32F30x_StdPeriph_Driver/src/stm32f30x_gpio.o
                0x08000d84                GPIO_SetBits
 .text.GPIO_ResetBits
                0x08000da0       0x1c Libraries/STM32F30x_StdPeriph_Driver/src/stm32f30x_gpio.o
                0x08000da0                GPIO_ResetBits
 .text.GPIO_PinAFConfig
                0x08000dbc       0x8c Libraries/STM32F30x_StdPeriph_Driver/src/stm32f30x_gpio.o
                0x08000dbc                GPIO_PinAFConfig
 .text.UserToPMABufferCopy
                0x08000e48       0x74 Libraries/STM32_USB-FS-Device_Driver/src/usb_mem.o
                0x08000e48                UserToPMABufferCopy
 .text.PMAToUserBufferCopy
                0x08000ebc       0x5c Libraries/STM32_USB-FS-Device_Driver/src/usb_mem.o
                0x08000ebc                PMAToUserBufferCopy
 .text.USB_Init
                0x08000f18       0x40 Libraries/STM32_USB-FS-Device_Driver/src/usb_init.o
                0x08000f18                USB_Init
 .text.USB_SIL_Init
                0x08000f58       0x34 Libraries/STM32_USB-FS-Device_Driver/src/usb_sil.o
                0x08000f58                USB_SIL_Init
 .text.Standard_GetConfiguration
                0x08000f8c       0x3c Libraries/STM32_USB-FS-Device_Driver/src/usb_core.o
                0x08000f8c                Standard_GetConfiguration
 .text.Standard_SetConfiguration
                0x08000fc8       0x50 Libraries/STM32_USB-FS-Device_Driver/src/usb_core.o
                0x08000fc8                Standard_SetConfiguration
 .text.Standard_GetInterface
                0x08001018       0x3c Libraries/STM32_USB-FS-Device_Driver/src/usb_core.o
                0x08001018                Standard_GetInterface
 .text.Standard_SetInterface
                0x08001054       0x8c Libraries/STM32_USB-FS-Device_Driver/src/usb_core.o
                0x08001054                Standard_SetInterface
 .text.Standard_GetStatus
                0x080010e0      0x138 Libraries/STM32_USB-FS-Device_Driver/src/usb_core.o
                0x080010e0                Standard_GetStatus
 .text.Standard_ClearFeature
                0x08001218      0x1d8 Libraries/STM32_USB-FS-Device_Driver/src/usb_core.o
                0x08001218                Standard_ClearFeature
 .text.Standard_SetEndPointFeature
                0x080013f0      0x118 Libraries/STM32_USB-FS-Device_Driver/src/usb_core.o
                0x080013f0                Standard_SetEndPointFeature
 .text.Standard_SetDeviceFeature
                0x08001508       0x2c Libraries/STM32_USB-FS-Device_Driver/src/usb_core.o
                0x08001508                Standard_SetDeviceFeature
 .text.Standard_GetDescriptorData
                0x08001534       0x48 Libraries/STM32_USB-FS-Device_Driver/src/usb_core.o
                0x08001534                Standard_GetDescriptorData
 .text.DataStageOut
                0x0800157c      0x104 Libraries/STM32_USB-FS-Device_Driver/src/usb_core.o
 .text.DataStageIn
                0x08001680      0x10c Libraries/STM32_USB-FS-Device_Driver/src/usb_core.o
 .text.NoData_Setup0
                0x0800178c      0x194 Libraries/STM32_USB-FS-Device_Driver/src/usb_core.o
 .text.Data_Setup0
                0x08001920      0x324 Libraries/STM32_USB-FS-Device_Driver/src/usb_core.o
 .text.Setup0_Process
                0x08001c44       0xd8 Libraries/STM32_USB-FS-Device_Driver/src/usb_core.o
                0x08001c44                Setup0_Process
 .text.In0_Process
                0x08001d1c       0x90 Libraries/STM32_USB-FS-Device_Driver/src/usb_core.o
                0x08001d1c                In0_Process
 .text.Out0_Process
                0x08001dac       0x74 Libraries/STM32_USB-FS-Device_Driver/src/usb_core.o
                0x08001dac                Out0_Process
 .text.Post0_Process
                0x08001e20       0x50 Libraries/STM32_USB-FS-Device_Driver/src/usb_core.o
                0x08001e20                Post0_Process
 .text.SetDeviceAddress
                0x08001e70       0x7c Libraries/STM32_USB-FS-Device_Driver/src/usb_core.o
                0x08001e70                SetDeviceAddress
 .text.NOP_Process
                0x08001eec        0xc Libraries/STM32_USB-FS-Device_Driver/src/usb_core.o
                0x08001eec                NOP_Process
 .text.SetBTABLE
                0x08001ef8       0x24 Libraries/STM32_USB-FS-Device_Driver/src/usb_regs.o
                0x08001ef8                SetBTABLE
 .text.SetEPType
                0x08001f1c       0x48 Libraries/STM32_USB-FS-Device_Driver/src/usb_regs.o
                0x08001f1c                SetEPType
 .text.SetEPTxStatus
                0x08001f64       0x6c Libraries/STM32_USB-FS-Device_Driver/src/usb_regs.o
                0x08001f64                SetEPTxStatus
 .text.SetEPRxStatus
                0x08001fd0       0x6c Libraries/STM32_USB-FS-Device_Driver/src/usb_regs.o
                0x08001fd0                SetEPRxStatus
 .text.SetEPTxValid
                0x0800203c       0x50 Libraries/STM32_USB-FS-Device_Driver/src/usb_regs.o
                0x0800203c                SetEPTxValid
 .text.SetEPRxValid
                0x0800208c       0x50 Libraries/STM32_USB-FS-Device_Driver/src/usb_regs.o
                0x0800208c                SetEPRxValid
 .text.Clear_Status_Out
                0x080020dc       0x50 Libraries/STM32_USB-FS-Device_Driver/src/usb_regs.o
                0x080020dc                Clear_Status_Out
 .text.ClearDTOG_RX
                0x0800212c       0x5c Libraries/STM32_USB-FS-Device_Driver/src/usb_regs.o
                0x0800212c                ClearDTOG_RX
 .text.ClearDTOG_TX
                0x08002188       0x5c Libraries/STM32_USB-FS-Device_Driver/src/usb_regs.o
                0x08002188                ClearDTOG_TX
 .text.SetEPTxAddr
                0x080021e4       0x40 Libraries/STM32_USB-FS-Device_Driver/src/usb_regs.o
                0x080021e4                SetEPTxAddr
 .text.SetEPRxAddr
                0x08002224       0x40 Libraries/STM32_USB-FS-Device_Driver/src/usb_regs.o
                0x08002224                SetEPRxAddr
 .text.GetEPTxAddr
                0x08002264       0x38 Libraries/STM32_USB-FS-Device_Driver/src/usb_regs.o
                0x08002264                GetEPTxAddr
 .text.GetEPRxAddr
                0x0800229c       0x38 Libraries/STM32_USB-FS-Device_Driver/src/usb_regs.o
                0x0800229c                GetEPRxAddr
 .text.SetEPTxCount
                0x080022d4       0x38 Libraries/STM32_USB-FS-Device_Driver/src/usb_regs.o
                0x080022d4                SetEPTxCount
 .text.SetEPRxCount
                0x0800230c       0x84 Libraries/STM32_USB-FS-Device_Driver/src/usb_regs.o
                0x0800230c                SetEPRxCount
 .text.ByteSwap
                0x08002390       0x30 Libraries/STM32_USB-FS-Device_Driver/src/usb_regs.o
                0x08002390                ByteSwap
 .text.CTR_LP   0x080023c0      0x308 Libraries/STM32_USB-FS-Device_Driver/src/usb_int.o
                0x080023c0                CTR_LP
 .text.initMem  0x080026c8       0x50 src/mem.o
                0x080026c8                initMem
 .text.freeNode
                0x08002718       0x48 src/mem.o
                0x08002718                freeNode
 .text.allocNode
                0x08002760       0x40 src/mem.o
                0x08002760                allocNode
 .text.uartSend
                0x080027a0       0x80 src/usb_endp.o
                0x080027a0                uartSend
 .text.uartSendString
                0x08002820       0x80 src/usb_endp.o
                0x08002820                uartSendString
 .text.SOF_Callback
                0x080028a0       0x78 src/usb_endp.o
                0x080028a0                SOF_Callback
 .text.EP1_IN_Callback
                0x08002918       0x20 src/usb_endp.o
                0x08002918                EP1_IN_Callback
 .text.EP3_OUT_Callback
                0x08002938      0x1a4 src/usb_endp.o
                0x08002938                EP3_OUT_Callback
 .text.Set_System
                0x08002adc       0xa4 src/hw_config.o
                0x08002adc                Set_System
 .text.Set_USBClock
                0x08002b80       0x18 src/hw_config.o
                0x08002b80                Set_USBClock
 .text.Enter_LowPowerMode
                0x08002b98       0x18 src/hw_config.o
                0x08002b98                Enter_LowPowerMode
 .text.Leave_LowPowerMode
                0x08002bb0       0x78 src/hw_config.o
                0x08002bb0                Leave_LowPowerMode
 .text.USB_Interrupts_Config
                0x08002c28       0x50 src/hw_config.o
                0x08002c28                USB_Interrupts_Config
 .text.USB_Cable_Config
                0x08002c78       0x30 src/hw_config.o
                0x08002c78                USB_Cable_Config
 .text.Get_SerialNum
                0x08002ca8       0x54 src/hw_config.o
                0x08002ca8                Get_SerialNum
 .text.IntToUnicode
                0x08002cfc       0x78 src/hw_config.o
 .text.dequeAdd
                0x08002d74       0x5c src/deque.o
                0x08002d74                dequeAdd
 .text.dequeGet
                0x08002dd0       0x5c src/deque.o
                0x08002dd0                dequeGet
 .text.newDeq   0x08002e2c       0x2c src/deque.o
                0x08002e2c                newDeq
 .text.killDeq  0x08002e58       0x30 src/deque.o
                0x08002e58                killDeq
 .text.USB_Istr
                0x08002e88      0x124 src/usb_istr.o
                0x08002e88                USB_Istr
 .text.Virtual_Com_Port_init
                0x08002fac       0x28 src/usb_prop.o
                0x08002fac                Virtual_Com_Port_init
 .text.Virtual_Com_Port_Reset
                0x08002fd4       0xf0 src/usb_prop.o
                0x08002fd4                Virtual_Com_Port_Reset
 .text.Virtual_Com_Port_SetConfiguration
                0x080030c4       0x2c src/usb_prop.o
                0x080030c4                Virtual_Com_Port_SetConfiguration
 .text.Virtual_Com_Port_SetDeviceAddress
                0x080030f0       0x18 src/usb_prop.o
                0x080030f0                Virtual_Com_Port_SetDeviceAddress
 .text.Virtual_Com_Port_Status_In
                0x08003108       0x20 src/usb_prop.o
                0x08003108                Virtual_Com_Port_Status_In
 .text.Virtual_Com_Port_Status_Out
                0x08003128        0xc src/usb_prop.o
                0x08003128                Virtual_Com_Port_Status_Out
 .text.Virtual_Com_Port_Data_Setup
                0x08003134       0x80 src/usb_prop.o
                0x08003134                Virtual_Com_Port_Data_Setup
 .text.Virtual_Com_Port_NoData_Setup
                0x080031b4       0x40 src/usb_prop.o
                0x080031b4                Virtual_Com_Port_NoData_Setup
 .text.Virtual_Com_Port_GetDeviceDescriptor
                0x080031f4       0x24 src/usb_prop.o
                0x080031f4                Virtual_Com_Port_GetDeviceDescriptor
 .text.Virtual_Com_Port_GetConfigDescriptor
                0x08003218       0x24 src/usb_prop.o
                0x08003218                Virtual_Com_Port_GetConfigDescriptor
 .text.Virtual_Com_Port_GetStringDescriptor
                0x0800323c       0x40 src/usb_prop.o
                0x0800323c                Virtual_Com_Port_GetStringDescriptor
 .text.Virtual_Com_Port_Get_Interface_Setting
                0x0800327c       0x30 src/usb_prop.o
                0x0800327c                Virtual_Com_Port_Get_Interface_Setting
 .text.Virtual_Com_Port_GetLineCoding
                0x080032ac       0x34 src/usb_prop.o
                0x080032ac                Virtual_Com_Port_GetLineCoding
 .text.Virtual_Com_Port_SetLineCoding
                0x080032e0       0x34 src/usb_prop.o
                0x080032e0                Virtual_Com_Port_SetLineCoding
 .text.STM_EVAL_LEDInit
                0x08003314       0x5c src/stm32f3_discovery.o
                0x08003314                STM_EVAL_LEDInit
 .text.STM_EVAL_LEDOn
                0x08003370       0x30 src/stm32f3_discovery.o
                0x08003370                STM_EVAL_LEDOn
 .text.STM_EVAL_LEDOff
                0x080033a0       0x30 src/stm32f3_discovery.o
                0x080033a0                STM_EVAL_LEDOff
 .text.STM_EVAL_LEDToggle
                0x080033d0       0x40 src/stm32f3_discovery.o
                0x080033d0                STM_EVAL_LEDToggle
 .text.STM_EVAL_PBInit
                0x08003410       0x94 src/stm32f3_discovery.o
                0x08003410                STM_EVAL_PBInit
 .text.STM_EVAL_PBGetState
                0x080034a4       0x2c src/stm32f3_discovery.o
                0x080034a4                STM_EVAL_PBGetState
 .text.NVIC_SetPriority
                0x080034d0       0x54 src/main.o
 .text.SysTick_Config
                0x08003524       0x44 src/main.o
 .text.resetRecv
                0x08003568       0x2c src/main.o
                0x08003568                resetRecv
 .text.initUSB  0x08003594       0x30 src/main.o
                0x08003594                initUSB
 .text.main     0x080035c4       0x98 src/main.o
                0x080035c4                main
 .text.TimingDelay_Decrement
                0x0800365c       0xc4 src/main.o
                0x0800365c                TimingDelay_Decrement
 .text.NMI_Handler
                0x08003720        0xc src/stm32f30x_it.o
                0x08003720                NMI_Handler
 .text.HardFault_Handler
                0x0800372c        0xc src/stm32f30x_it.o
                0x0800372c                HardFault_Handler
 .text.MemManage_Handler
                0x08003738        0xc src/stm32f30x_it.o
                0x08003738                MemManage_Handler
 .text.BusFault_Handler
                0x08003744        0xc src/stm32f30x_it.o
                0x08003744                BusFault_Handler
 .text.UsageFault_Handler
                0x08003750        0xc src/stm32f30x_it.o
                0x08003750                UsageFault_Handler
 .text.SVC_Handler
                0x0800375c        0xc src/stm32f30x_it.o
                0x0800375c                SVC_Handler
 .text.DebugMon_Handler
                0x08003768        0xc src/stm32f30x_it.o
                0x08003768                DebugMon_Handler
 .text.PendSV_Handler
                0x08003774        0xc src/stm32f30x_it.o
                0x08003774                PendSV_Handler
 .text.SysTick_Handler
                0x08003780       0x34 src/stm32f30x_it.o
                0x08003780                SysTick_Handler
 .text.EXTI0_IRQHandler
                0x080037b4       0x24 src/stm32f30x_it.o
                0x080037b4                EXTI0_IRQHandler
 .text.USB_LP_CAN1_RX0_IRQHandler
                0x080037d8        0xc src/stm32f30x_it.o
                0x080037d8                USB_LP_CAN1_RX0_IRQHandler
 .text.USBWakeUp_IRQHandler
                0x080037e4       0x14 src/stm32f30x_it.o
                0x080037e4                USBWakeUp_IRQHandler
 .text.SystemInit
                0x080037f8       0x90 src/system_stm32f30x.o
                0x080037f8                SystemInit
 .text.SetSysClock
                0x08003888       0xe0 src/system_stm32f30x.o
 .text.PowerOn  0x08003968       0x50 src/usb_pwr.o
                0x08003968                PowerOn
 .text.Suspend  0x080039b8       0x3c src/usb_pwr.o
                0x080039b8                Suspend
 .text.Resume_Init
                0x080039f4       0x30 src/usb_pwr.o
                0x080039f4                Resume_Init
 .text.Resume   0x08003a24       0xf8 src/usb_pwr.o
                0x08003a24                Resume
 .text.Reset_Handler
                0x08003b1c       0x54 src/startup_stm32f30x.o
                0x08003b1c                Reset_Handler
 .text.Default_Handler
                0x08003b70        0x4 src/startup_stm32f30x.o
                0x08003b70                RTC_Alarm_IRQHandler
                0x08003b70                TIM8_TRG_COM_IRQHandler
                0x08003b70                TIM8_CC_IRQHandler
                0x08003b70                TIM1_CC_IRQHandler
                0x08003b70                USB_HP_IRQHandler
                0x08003b70                PVD_IRQHandler
                0x08003b70                EXTI3_IRQHandler
                0x08003b70                I2C2_EV_IRQHandler
                0x08003b70                FPU_IRQHandler
                0x08003b70                EXTI2_TS_IRQHandler
                0x08003b70                TIM1_UP_TIM16_IRQHandler
                0x08003b70                ADC1_2_IRQHandler
                0x08003b70                SPI1_IRQHandler
                0x08003b70                TIM6_DAC_IRQHandler
                0x08003b70                TIM8_UP_IRQHandler
                0x08003b70                DMA2_Channel2_IRQHandler
                0x08003b70                DMA1_Channel4_IRQHandler
                0x08003b70                USART3_IRQHandler
                0x08003b70                DMA1_Channel7_IRQHandler
                0x08003b70                CAN1_RX1_IRQHandler
                0x08003b70                UART5_IRQHandler
                0x08003b70                ADC3_IRQHandler
                0x08003b70                TIM4_IRQHandler
                0x08003b70                DMA2_Channel1_IRQHandler
                0x08003b70                I2C1_EV_IRQHandler
                0x08003b70                DMA1_Channel6_IRQHandler
                0x08003b70                UART4_IRQHandler
                0x08003b70                DMA2_Channel4_IRQHandler
                0x08003b70                TIM3_IRQHandler
                0x08003b70                RCC_IRQHandler
                0x08003b70                DMA1_Channel1_IRQHandler
                0x08003b70                Default_Handler
                0x08003b70                USBWakeUp_RMP_IRQHandler
                0x08003b70                EXTI15_10_IRQHandler
                0x08003b70                TIM7_IRQHandler
                0x08003b70                EXTI9_5_IRQHandler
                0x08003b70                TAMPER_STAMP_IRQHandler
                0x08003b70                RTC_WKUP_IRQHandler
                0x08003b70                SPI2_IRQHandler
                0x08003b70                DMA2_Channel5_IRQHandler
                0x08003b70                DMA1_Channel5_IRQHandler
                0x08003b70                USB_LP_IRQHandler
                0x08003b70                EXTI4_IRQHandler
                0x08003b70                TIM1_TRG_COM_TIM17_IRQHandler
                0x08003b70                USB_HP_CAN1_TX_IRQHandler
                0x08003b70                DMA1_Channel3_IRQHandler
                0x08003b70                ADC4_IRQHandler
                0x08003b70                WWDG_IRQHandler
                0x08003b70                TIM2_IRQHandler
                0x08003b70                COMP7_IRQHandler
                0x08003b70                COMP1_2_3_IRQHandler
                0x08003b70                EXTI1_IRQHandler
                0x08003b70                USART2_IRQHandler
                0x08003b70                COMP4_5_6_IRQHandler
                0x08003b70                I2C2_ER_IRQHandler
                0x08003b70                DMA1_Channel2_IRQHandler
                0x08003b70                TIM8_BRK_IRQHandler
                0x08003b70                CAN1_SCE_IRQHandler
                0x08003b70                FLASH_IRQHandler
                0x08003b70                USART1_IRQHandler
                0x08003b70                SPI3_IRQHandler
                0x08003b70                I2C1_ER_IRQHandler
                0x08003b70                DMA2_Channel3_IRQHandler
                0x08003b70                TIM1_BRK_TIM15_IRQHandler
 .text.__libc_init_array
                0x08003b74       0x50 /opt/gcc-arm/bin/../lib/gcc/arm-none-eabi/4.8.3/../../../../arm-none-eabi/lib/armv7e-m/softfp/libc.a(lib_a-init.o)
                0x08003b74                __libc_init_array
 .text.startup.register_fini
                0x08003bc4       0x14 /opt/gcc-arm/bin/../lib/gcc/arm-none-eabi/4.8.3/../../../../arm-none-eabi/lib/armv7e-m/softfp/libc.a(lib_a-__call_atexit.o)
 .text.atexit   0x08003bd8        0xc /opt/gcc-arm/bin/../lib/gcc/arm-none-eabi/4.8.3/../../../../arm-none-eabi/lib/armv7e-m/softfp/libc.a(lib_a-atexit.o)
                0x08003bd8                atexit
 .text.__libc_fini_array
                0x08003be4       0x30 /opt/gcc-arm/bin/../lib/gcc/arm-none-eabi/4.8.3/../../../../arm-none-eabi/lib/armv7e-m/softfp/libc.a(lib_a-fini.o)
                0x08003be4                __libc_fini_array
 .text.__register_exitproc
                0x08003c14       0xa8 /opt/gcc-arm/bin/../lib/gcc/arm-none-eabi/4.8.3/../../../../arm-none-eabi/lib/armv7e-m/softfp/libc.a(lib_a-__atexit.o)
                0x08003c14                __register_exitproc
 *(.rodata)
 .rodata        0x08003cbc        0x8 src/usb_endp.o
 *(.rodata*)
 .rodata.Virtual_Com_Port_DeviceDescriptor
                0x08003cc4       0x14 src/usb_desc.o
                0x08003cc4                Virtual_Com_Port_DeviceDescriptor
 .rodata.Virtual_Com_Port_ConfigDescriptor
                0x08003cd8       0x44 src/usb_desc.o
                0x08003cd8                Virtual_Com_Port_ConfigDescriptor
 .rodata.Virtual_Com_Port_StringLangID
                0x08003d1c        0x4 src/usb_desc.o
                0x08003d1c                Virtual_Com_Port_StringLangID
 .rodata.Virtual_Com_Port_StringVendor
                0x08003d20       0x28 src/usb_desc.o
                0x08003d20                Virtual_Com_Port_StringVendor
 .rodata.Virtual_Com_Port_StringProduct
                0x08003d48       0x34 src/usb_desc.o
                0x08003d48                Virtual_Com_Port_StringProduct
 .rodata.GPIO_PIN
                0x08003d7c       0x10 src/stm32f3_discovery.o
                0x08003d7c                GPIO_PIN
 .rodata.GPIO_CLK
                0x08003d8c       0x20 src/stm32f3_discovery.o
                0x08003d8c                GPIO_CLK
 .rodata.str1.4
                0x08003dac        0x4 /opt/gcc-arm/bin/../lib/gcc/arm-none-eabi/4.8.3/../../../../arm-none-eabi/lib/armv7e-m/softfp/libc.a(lib_a-impure.o)
 .rodata._global_impure_ptr
                0x08003db0        0x4 /opt/gcc-arm/bin/../lib/gcc/arm-none-eabi/4.8.3/../../../../arm-none-eabi/lib/armv7e-m/softfp/libc.a(lib_a-impure.o)
                0x08003db0                _global_impure_ptr
 *(.glue_7)
 .glue_7        0x00000000        0x0 linker stubs
 *(.glue_7t)
 .glue_7t       0x00000000        0x0 linker stubs
 *(.eh_frame)
 .eh_frame      0x08003db4        0x0 /opt/gcc-arm/bin/../lib/gcc/arm-none-eabi/4.8.3/armv7e-m/softfp/crtbegin.o
 *(.init)
 .init          0x08003db4        0x4 /opt/gcc-arm/bin/../lib/gcc/arm-none-eabi/4.8.3/armv7e-m/softfp/crti.o
                0x08003db4                _init
 .init          0x08003db8        0x8 /opt/gcc-arm/bin/../lib/gcc/arm-none-eabi/4.8.3/armv7e-m/softfp/crtn.o
 *(.fini)
 .fini          0x08003dc0        0x4 /opt/gcc-arm/bin/../lib/gcc/arm-none-eabi/4.8.3/armv7e-m/softfp/crti.o
                0x08003dc0                _fini
 .fini          0x08003dc4        0x8 /opt/gcc-arm/bin/../lib/gcc/arm-none-eabi/4.8.3/armv7e-m/softfp/crtn.o
                0x08003dcc                . = ALIGN (0x4)
                0x08003dcc                _etext = .

.vfp11_veneer   0x08003dcc        0x0
 .vfp11_veneer  0x00000000        0x0 linker stubs

.v4_bx          0x08003dcc        0x0
 .v4_bx         0x00000000        0x0 linker stubs

.iplt           0x08003dcc        0x0
 .iplt          0x00000000        0x0 /opt/gcc-arm/bin/../lib/gcc/arm-none-eabi/4.8.3/armv7e-m/softfp/crtbegin.o

.rel.dyn        0x08003dcc        0x0
 .rel.iplt      0x00000000        0x0 /opt/gcc-arm/bin/../lib/gcc/arm-none-eabi/4.8.3/armv7e-m/softfp/crtbegin.o

.ARM.extab
 *(.ARM.extab* .gnu.linkonce.armextab.*)

.ARM            0x08003dcc        0x0
                0x08003dcc                __exidx_start = .
 *(.ARM.exidx*)
                0x08003dcc                __exidx_end = .

.preinit_array  0x08003dcc        0x0
                0x08003dcc                PROVIDE (__preinit_array_start, .)
 *(.preinit_array*)
                0x08003dcc                PROVIDE (__preinit_array_end, .)

.init_array     0x08003dcc        0x8
                0x08003dcc                PROVIDE (__init_array_start, .)
 *(SORT(.init_array.*))
 .init_array.00000
                0x08003dcc        0x4 /opt/gcc-arm/bin/../lib/gcc/arm-none-eabi/4.8.3/../../../../arm-none-eabi/lib/armv7e-m/softfp/libc.a(lib_a-__call_atexit.o)
 *(.init_array*)
 .init_array    0x08003dd0        0x4 /opt/gcc-arm/bin/../lib/gcc/arm-none-eabi/4.8.3/armv7e-m/softfp/crtbegin.o
                0x08003dd4                PROVIDE (__init_array_end, .)

.fini_array     0x08003dd4        0x4
                0x08003dd4                PROVIDE (__fini_array_start, .)
 *(SORT(.fini_array.*))
 *(.fini_array*)
 .fini_array    0x08003dd4        0x4 /opt/gcc-arm/bin/../lib/gcc/arm-none-eabi/4.8.3/armv7e-m/softfp/crtbegin.o
                0x08003dd8                PROVIDE (__fini_array_end, .)
                0x08003dd8                _sidata = LOADADDR (.data)

.data           0x20000000      0x568 load address 0x08003dd8
                0x20000000                . = ALIGN (0x4)
                0x20000000                _sdata = .
 *(.data)
 *(.data*)
 .data.APBAHBPrescTable
                0x20000000       0x10 Libraries/STM32F30x_StdPeriph_Driver/src/stm32f30x_rcc.o
 .data.ADCPrescTable
                0x20000010       0x1c Libraries/STM32F30x_StdPeriph_Driver/src/stm32f30x_rcc.o
 .data.Virtual_Com_Port_StringSerial
                0x2000002c       0x1c src/usb_desc.o
                0x2000002c                Virtual_Com_Port_StringSerial
 .data.pEpInt_IN
                0x20000048       0x1c src/usb_istr.o
                0x20000048                pEpInt_IN
 .data.pEpInt_OUT
                0x20000064       0x1c src/usb_istr.o
                0x20000064                pEpInt_OUT
 .data.linecoding
                0x20000080        0x8 src/usb_prop.o
                0x20000080                linecoding
 .data.Device_Table
                0x20000088        0x4 src/usb_prop.o
                0x20000088                Device_Table
 .data.Device_Property
                0x2000008c       0x30 src/usb_prop.o
                0x2000008c                Device_Property
 .data.User_Standard_Requests
                0x200000bc       0x24 src/usb_prop.o
                0x200000bc                User_Standard_Requests
 .data.Device_Descriptor
                0x200000e0        0x8 src/usb_prop.o
                0x200000e0                Device_Descriptor
 .data.Config_Descriptor
                0x200000e8        0x8 src/usb_prop.o
                0x200000e8                Config_Descriptor
 .data.String_Descriptor
                0x200000f0       0x20 src/usb_prop.o
                0x200000f0                String_Descriptor
 .data.GPIO_PORT
                0x20000110       0x20 src/stm32f3_discovery.o
                0x20000110                GPIO_PORT
 .data.BUTTON_PORT
                0x20000130        0x4 src/stm32f3_discovery.o
                0x20000130                BUTTON_PORT
 .data.USBConnectTimeOut
                0x20000134        0x4 src/main.o
                0x20000134                USBConnectTimeOut
 .data.fSuspendEnabled
                0x20000138        0x1 src/usb_pwr.o
                0x20000138                fSuspendEnabled
 *fill*         0x20000139        0x7 
 .data.impure_data
                0x20000140      0x428 /opt/gcc-arm/bin/../lib/gcc/arm-none-eabi/4.8.3/../../../../arm-none-eabi/lib/armv7e-m/softfp/libc.a(lib_a-impure.o)
                0x20000568                . = ALIGN (0x4)
                0x20000568                _edata = .
                0x08004340                _siccmram = LOADADDR (.ccmram)

.jcr            0x20000568        0x0 load address 0x08004340
 .jcr           0x20000568        0x0 /opt/gcc-arm/bin/../lib/gcc/arm-none-eabi/4.8.3/armv7e-m/softfp/crtbegin.o

.igot.plt       0x20000568        0x0 load address 0x08004340
 .igot.plt      0x00000000        0x0 /opt/gcc-arm/bin/../lib/gcc/arm-none-eabi/4.8.3/armv7e-m/softfp/crtbegin.o

.ccmram         0x10000000        0x0 load address 0x08004340
                0x10000000                . = ALIGN (0x4)
                0x10000000                _sccmram = .
 *(.ccmram)
 *(.ccmram*)
                0x10000000                . = ALIGN (0x4)
                0x10000000                _eccmram = .
                0x10000000                . = ALIGN (0x4)

.bss            0x20000568     0x8928
                0x20000568                _sbss = .
                0x20000568                __bss_start__ = _sbss
 *(.bss)
 .bss           0x20000568       0x1c /opt/gcc-arm/bin/../lib/gcc/arm-none-eabi/4.8.3/armv7e-m/softfp/crtbegin.o
 *(.bss*)
 .bss.Data_Mul_MaxPacketSize
                0x20000584        0x1 Libraries/STM32_USB-FS-Device_Driver/src/usb_core.o
                0x20000584                Data_Mul_MaxPacketSize
 .bss.lock_data
                0x20000585        0x1 src/usb_endp.o
                0x20000585                lock_data
 .bss.sending   0x20000586        0x1 src/usb_endp.o
                0x20000586                sending
 *fill*         0x20000587        0x1 
 .bss.Receive_Buffer
                0x20000588       0x80 src/usb_endp.o
 .bss.bIntPackSOF
                0x20000608        0x1 src/usb_istr.o
                0x20000608                bIntPackSOF
 .bss.Request   0x20000609        0x1 src/usb_prop.o
                0x20000609                Request
 *fill*         0x2000060a        0x2 
 .bss.tickcounter
                0x2000060c        0x4 src/main.o
                0x2000060c                tickcounter
 .bss.divider   0x20000610        0x4 src/stm32f30x_it.o
                0x20000610                divider
 .bss.bDeviceState
                0x20000614        0x4 src/usb_pwr.o
                0x20000614                bDeviceState
 *(COMMON)
 COMMON         0x20000618       0x32 Libraries/STM32_USB-FS-Device_Driver/src/usb_init.o
                0x20000618                SaveState
                0x2000061c                pProperty
                0x20000620                EPindex
                0x20000624                Device_Info
                0x20000640                pUser_Standard_Requests
                0x20000644                pInformation
                0x20000648                wInterrupt_Mask
 *fill*         0x2000064a        0x2 
 COMMON         0x2000064c        0x2 Libraries/STM32_USB-FS-Device_Driver/src/usb_core.o
                0x2000064c                StatusInfo
 COMMON         0x2000064e        0x4 Libraries/STM32_USB-FS-Device_Driver/src/usb_int.o
                0x2000064e                SaveRState
                0x20000650                SaveTState
 *fill*         0x20000652        0x2 
 COMMON         0x20000654        0xc src/hw_config.o
                0x20000654                HSEStartUpStatus
                0x20000658                EXTI_InitStructure
 COMMON         0x20000660        0x2 src/usb_istr.o
                0x20000660                wIstr
 *fill*         0x20000662        0x2 
 COMMON         0x20000664     0x8828 src/main.o
                0x20000664                sendBuf
                0x20000674                currentBuf
                0x20000678                freeStackPtr
                0x2000067c                freeBuf
                0x20000a7c                dataBuf
                0x20000a8c                allMem
 COMMON         0x20008e8c        0x2 src/usb_pwr.o
                0x20008e8c                ResumeS
                0x20008e90                . = ALIGN (0x4)
 *fill*         0x20008e8e        0x2 
                0x20008e90                _ebss = .
                0x20008e90                __bss_end__ = _ebss

._user_heap_stack
                0x20008e90      0x200
                0x20008e90                . = ALIGN (0x4)
                0x20008e90                PROVIDE (end, .)
                0x20008e90                PROVIDE (_end, .)
                0x20008e90                . = (. + _Min_Heap_Size)
                0x20009090                . = (. + _Min_Stack_Size)
 *fill*         0x20008e90      0x200 
                0x20009090                . = ALIGN (0x4)

.memory_b1_text
 *(.mb1text)
 *(.mb1text*)
 *(.mb1rodata)
 *(.mb1rodata*)

/DISCARD/
 libc.a(*)
 libm.a(*)
 libgcc.a(*)

.ARM.attributes
                0x00000000       0x2e
 *(.ARM.attributes)
 .ARM.attributes
                0x00000000       0x22 /opt/gcc-arm/bin/../lib/gcc/arm-none-eabi/4.8.3/armv7e-m/softfp/crti.o
 .ARM.attributes
                0x00000022       0x32 /opt/gcc-arm/bin/../lib/gcc/arm-none-eabi/4.8.3/armv7e-m/softfp/crtbegin.o
 .ARM.attributes
                0x00000054       0x37 Libraries/STM32F30x_StdPeriph_Driver/src/stm32f30x_misc.o
 .ARM.attributes
                0x0000008b       0x37 Libraries/STM32F30x_StdPeriph_Driver/src/stm32f30x_rcc.o
 .ARM.attributes
                0x000000c2       0x37 Libraries/STM32F30x_StdPeriph_Driver/src/stm32f30x_syscfg.o
 .ARM.attributes
                0x000000f9       0x37 Libraries/STM32F30x_StdPeriph_Driver/src/stm32f30x_exti.o
 .ARM.attributes
                0x00000130       0x37 Libraries/STM32F30x_StdPeriph_Driver/src/stm32f30x_gpio.o
 .ARM.attributes
                0x00000167       0x37 Libraries/STM32_USB-FS-Device_Driver/src/usb_mem.o
 .ARM.attributes
                0x0000019e       0x37 Libraries/STM32_USB-FS-Device_Driver/src/usb_init.o
 .ARM.attributes
                0x000001d5       0x37 Libraries/STM32_USB-FS-Device_Driver/src/usb_sil.o
 .ARM.attributes
                0x0000020c       0x37 Libraries/STM32_USB-FS-Device_Driver/src/usb_core.o
 .ARM.attributes
                0x00000243       0x37 Libraries/STM32_USB-FS-Device_Driver/src/usb_regs.o
 .ARM.attributes
                0x0000027a       0x37 Libraries/STM32_USB-FS-Device_Driver/src/usb_int.o
 .ARM.attributes
                0x000002b1       0x37 src/usb_desc.o
 .ARM.attributes
                0x000002e8       0x37 src/mem.o
 .ARM.attributes
                0x0000031f       0x37 src/usb_endp.o
 .ARM.attributes
                0x00000356       0x37 src/hw_config.o
 .ARM.attributes
                0x0000038d       0x37 src/deque.o
 .ARM.attributes
                0x000003c4       0x37 src/usb_istr.o
 .ARM.attributes
                0x000003fb       0x37 src/usb_prop.o
 .ARM.attributes
                0x00000432       0x37 src/stm32f3_discovery.o
 .ARM.attributes
                0x00000469       0x37 src/main.o
 .ARM.attributes
                0x000004a0       0x37 src/stm32f30x_it.o
 .ARM.attributes
                0x000004d7       0x37 src/system_stm32f30x.o
 .ARM.attributes
                0x0000050e       0x37 src/usb_pwr.o
 .ARM.attributes
                0x00000545       0x21 src/startup_stm32f30x.o
 .ARM.attributes
                0x00000566       0x32 /opt/gcc-arm/bin/../lib/gcc/arm-none-eabi/4.8.3/../../../../arm-none-eabi/lib/armv7e-m/softfp/libc.a(lib_a-impure.o)
 .ARM.attributes
                0x00000598       0x32 /opt/gcc-arm/bin/../lib/gcc/arm-none-eabi/4.8.3/../../../../arm-none-eabi/lib/armv7e-m/softfp/libc.a(lib_a-init.o)
 .ARM.attributes
                0x000005ca       0x32 /opt/gcc-arm/bin/../lib/gcc/arm-none-eabi/4.8.3/../../../../arm-none-eabi/lib/armv7e-m/softfp/libc.a(lib_a-__call_atexit.o)
 .ARM.attributes
                0x000005fc       0x32 /opt/gcc-arm/bin/../lib/gcc/arm-none-eabi/4.8.3/../../../../arm-none-eabi/lib/armv7e-m/softfp/libc.a(lib_a-atexit.o)
 .ARM.attributes
                0x0000062e       0x32 /opt/gcc-arm/bin/../lib/gcc/arm-none-eabi/4.8.3/../../../../arm-none-eabi/lib/armv7e-m/softfp/libc.a(lib_a-fini.o)
 .ARM.attributes
                0x00000660       0x32 /opt/gcc-arm/bin/../lib/gcc/arm-none-eabi/4.8.3/../../../../arm-none-eabi/lib/armv7e-m/softfp/libc.a(lib_a-__atexit.o)
 .ARM.attributes
                0x00000692       0x22 /opt/gcc-arm/bin/../lib/gcc/arm-none-eabi/4.8.3/armv7e-m/softfp/crtn.o
OUTPUT(stm32f3.elf elf32-littlearm)

.debug_info     0x00000000     0x790e
 .debug_info    0x00000000      0x541 Libraries/STM32F30x_StdPeriph_Driver/src/stm32f30x_misc.o
 .debug_info    0x00000541      0xab0 Libraries/STM32F30x_StdPeriph_Driver/src/stm32f30x_rcc.o
 .debug_info    0x00000ff1      0x3ca Libraries/STM32F30x_StdPeriph_Driver/src/stm32f30x_syscfg.o
 .debug_info    0x000013bb      0x3b8 Libraries/STM32F30x_StdPeriph_Driver/src/stm32f30x_exti.o
 .debug_info    0x00001773      0x5fe Libraries/STM32F30x_StdPeriph_Driver/src/stm32f30x_gpio.o
 .debug_info    0x00001d71      0x1d6 Libraries/STM32_USB-FS-Device_Driver/src/usb_mem.o
 .debug_info    0x00001f47      0x454 Libraries/STM32_USB-FS-Device_Driver/src/usb_init.o
 .debug_info    0x0000239b      0x18a Libraries/STM32_USB-FS-Device_Driver/src/usb_sil.o
 .debug_info    0x00002525      0xb62 Libraries/STM32_USB-FS-Device_Driver/src/usb_core.o
 .debug_info    0x00003087      0xcab Libraries/STM32_USB-FS-Device_Driver/src/usb_regs.o
 .debug_info    0x00003d32      0x1f7 Libraries/STM32_USB-FS-Device_Driver/src/usb_int.o
 .debug_info    0x00003f29      0x187 src/usb_desc.o
 .debug_info    0x000040b0      0x1f4 src/mem.o
 .debug_info    0x000042a4      0x3e9 src/usb_endp.o
 .debug_info    0x0000468d      0x90e src/hw_config.o
 .debug_info    0x00004f9b      0x23b src/deque.o
 .debug_info    0x000051d6      0x2e3 src/usb_istr.o
 .debug_info    0x000054b9      0x827 src/usb_prop.o
 .debug_info    0x00005ce0      0x857 src/stm32f3_discovery.o
 .debug_info    0x00006537      0x99c src/main.o
 .debug_info    0x00006ed3      0x263 src/stm32f30x_it.o
 .debug_info    0x00007136      0x49c src/system_stm32f30x.o
 .debug_info    0x000075d2      0x2e5 src/usb_pwr.o
 .debug_info    0x000078b7       0x57 src/startup_stm32f30x.o

.debug_abbrev   0x00000000     0x1f82
 .debug_abbrev  0x00000000      0x147 Libraries/STM32F30x_StdPeriph_Driver/src/stm32f30x_misc.o
 .debug_abbrev  0x00000147      0x1e5 Libraries/STM32F30x_StdPeriph_Driver/src/stm32f30x_rcc.o
 .debug_abbrev  0x0000032c      0x183 Libraries/STM32F30x_StdPeriph_Driver/src/stm32f30x_syscfg.o
 .debug_abbrev  0x000004af      0x17c Libraries/STM32F30x_StdPeriph_Driver/src/stm32f30x_exti.o
 .debug_abbrev  0x0000062b      0x196 Libraries/STM32F30x_StdPeriph_Driver/src/stm32f30x_gpio.o
 .debug_abbrev  0x000007c1       0x9f Libraries/STM32_USB-FS-Device_Driver/src/usb_mem.o
 .debug_abbrev  0x00000860      0x120 Libraries/STM32_USB-FS-Device_Driver/src/usb_init.o
 .debug_abbrev  0x00000980       0xbd Libraries/STM32_USB-FS-Device_Driver/src/usb_sil.o
 .debug_abbrev  0x00000a3d      0x292 Libraries/STM32_USB-FS-Device_Driver/src/usb_core.o
 .debug_abbrev  0x00000ccf      0x16f Libraries/STM32_USB-FS-Device_Driver/src/usb_regs.o
 .debug_abbrev  0x00000e3e       0xd0 Libraries/STM32_USB-FS-Device_Driver/src/usb_int.o
 .debug_abbrev  0x00000f0e       0x75 src/usb_desc.o
 .debug_abbrev  0x00000f83      0x122 src/mem.o
 .debug_abbrev  0x000010a5      0x18a src/usb_endp.o
 .debug_abbrev  0x0000122f      0x223 src/hw_config.o
 .debug_abbrev  0x00001452      0x10e src/deque.o
 .debug_abbrev  0x00001560      0x107 src/usb_istr.o
 .debug_abbrev  0x00001667      0x208 src/usb_prop.o
 .debug_abbrev  0x0000186f      0x185 src/stm32f3_discovery.o
 .debug_abbrev  0x000019f4      0x21b src/main.o
 .debug_abbrev  0x00001c0f       0xed src/stm32f30x_it.o
 .debug_abbrev  0x00001cfc      0x147 src/system_stm32f30x.o
 .debug_abbrev  0x00001e43      0x12d src/usb_pwr.o
 .debug_abbrev  0x00001f70       0x12 src/startup_stm32f30x.o

.debug_aranges  0x00000000      0x998
 .debug_aranges
                0x00000000       0x40 Libraries/STM32F30x_StdPeriph_Driver/src/stm32f30x_misc.o
 .debug_aranges
                0x00000040      0x150 Libraries/STM32F30x_StdPeriph_Driver/src/stm32f30x_rcc.o
 .debug_aranges
                0x00000190       0x88 Libraries/STM32F30x_StdPeriph_Driver/src/stm32f30x_syscfg.o
 .debug_aranges
                0x00000218       0x58 Libraries/STM32F30x_StdPeriph_Driver/src/stm32f30x_exti.o
 .debug_aranges
                0x00000270       0x80 Libraries/STM32F30x_StdPeriph_Driver/src/stm32f30x_gpio.o
 .debug_aranges
                0x000002f0       0x28 Libraries/STM32_USB-FS-Device_Driver/src/usb_mem.o
 .debug_aranges
                0x00000318       0x20 Libraries/STM32_USB-FS-Device_Driver/src/usb_init.o
 .debug_aranges
                0x00000338       0x30 Libraries/STM32_USB-FS-Device_Driver/src/usb_sil.o
 .debug_aranges
                0x00000368       0xb0 Libraries/STM32_USB-FS-Device_Driver/src/usb_core.o
 .debug_aranges
                0x00000418      0x1f0 Libraries/STM32_USB-FS-Device_Driver/src/usb_regs.o
 .debug_aranges
                0x00000608       0x28 Libraries/STM32_USB-FS-Device_Driver/src/usb_int.o
 .debug_aranges
                0x00000630       0x18 src/usb_desc.o
 .debug_aranges
                0x00000648       0x30 src/mem.o
 .debug_aranges
                0x00000678       0x40 src/usb_endp.o
 .debug_aranges
                0x000006b8       0x60 src/hw_config.o
 .debug_aranges
                0x00000718       0x38 src/deque.o
 .debug_aranges
                0x00000750       0x20 src/usb_istr.o
 .debug_aranges
                0x00000770       0x88 src/usb_prop.o
 .debug_aranges
                0x000007f8       0x48 src/stm32f3_discovery.o
 .debug_aranges
                0x00000840       0x48 src/main.o
 .debug_aranges
                0x00000888       0x78 src/stm32f30x_it.o
 .debug_aranges
                0x00000900       0x30 src/system_stm32f30x.o
 .debug_aranges
                0x00000930       0x40 src/usb_pwr.o
 .debug_aranges
                0x00000970       0x28 src/startup_stm32f30x.o

.debug_ranges   0x00000000      0x830
 .debug_ranges  0x00000000       0x30 Libraries/STM32F30x_StdPeriph_Driver/src/stm32f30x_misc.o
 .debug_ranges  0x00000030      0x140 Libraries/STM32F30x_StdPeriph_Driver/src/stm32f30x_rcc.o
 .debug_ranges  0x00000170       0x78 Libraries/STM32F30x_StdPeriph_Driver/src/stm32f30x_syscfg.o
 .debug_ranges  0x000001e8       0x48 Libraries/STM32F30x_StdPeriph_Driver/src/stm32f30x_exti.o
 .debug_ranges  0x00000230       0x70 Libraries/STM32F30x_StdPeriph_Driver/src/stm32f30x_gpio.o
 .debug_ranges  0x000002a0       0x18 Libraries/STM32_USB-FS-Device_Driver/src/usb_mem.o
 .debug_ranges  0x000002b8       0x10 Libraries/STM32_USB-FS-Device_Driver/src/usb_init.o
 .debug_ranges  0x000002c8       0x20 Libraries/STM32_USB-FS-Device_Driver/src/usb_sil.o
 .debug_ranges  0x000002e8       0xb8 Libraries/STM32_USB-FS-Device_Driver/src/usb_core.o
 .debug_ranges  0x000003a0      0x1e0 Libraries/STM32_USB-FS-Device_Driver/src/usb_regs.o
 .debug_ranges  0x00000580       0x18 Libraries/STM32_USB-FS-Device_Driver/src/usb_int.o
 .debug_ranges  0x00000598       0x20 src/mem.o
 .debug_ranges  0x000005b8       0x30 src/usb_endp.o
 .debug_ranges  0x000005e8       0x50 src/hw_config.o
 .debug_ranges  0x00000638       0x28 src/deque.o
 .debug_ranges  0x00000660       0x10 src/usb_istr.o
 .debug_ranges  0x00000670       0x78 src/usb_prop.o
 .debug_ranges  0x000006e8       0x38 src/stm32f3_discovery.o
 .debug_ranges  0x00000720       0x38 src/main.o
 .debug_ranges  0x00000758       0x68 src/stm32f30x_it.o
 .debug_ranges  0x000007c0       0x20 src/system_stm32f30x.o
 .debug_ranges  0x000007e0       0x30 src/usb_pwr.o
 .debug_ranges  0x00000810       0x20 src/startup_stm32f30x.o

.debug_line     0x00000000     0x356e
 .debug_line    0x00000000      0x1d2 Libraries/STM32F30x_StdPeriph_Driver/src/stm32f30x_misc.o
 .debug_line    0x000001d2      0x508 Libraries/STM32F30x_StdPeriph_Driver/src/stm32f30x_rcc.o
 .debug_line    0x000006da      0x244 Libraries/STM32F30x_StdPeriph_Driver/src/stm32f30x_syscfg.o
 .debug_line    0x0000091e      0x22c Libraries/STM32F30x_StdPeriph_Driver/src/stm32f30x_exti.o
 .debug_line    0x00000b4a      0x29d Libraries/STM32F30x_StdPeriph_Driver/src/stm32f30x_gpio.o
 .debug_line    0x00000de7      0x152 Libraries/STM32_USB-FS-Device_Driver/src/usb_mem.o
 .debug_line    0x00000f39      0x135 Libraries/STM32_USB-FS-Device_Driver/src/usb_init.o
 .debug_line    0x0000106e      0x15b Libraries/STM32_USB-FS-Device_Driver/src/usb_sil.o
 .debug_line    0x000011c9      0x472 Libraries/STM32_USB-FS-Device_Driver/src/usb_core.o
 .debug_line    0x0000163b      0x649 Libraries/STM32_USB-FS-Device_Driver/src/usb_regs.o
 .debug_line    0x00001c84      0x21f Libraries/STM32_USB-FS-Device_Driver/src/usb_int.o
 .debug_line    0x00001ea3       0xc3 src/usb_desc.o
 .debug_line    0x00001f66      0x144 src/mem.o
 .debug_line    0x000020aa      0x263 src/usb_endp.o
 .debug_line    0x0000230d      0x2d7 src/hw_config.o
 .debug_line    0x000025e4      0x140 src/deque.o
 .debug_line    0x00002724      0x151 src/usb_istr.o
 .debug_line    0x00002875      0x27c src/usb_prop.o
 .debug_line    0x00002af1      0x20b src/stm32f3_discovery.o
 .debug_line    0x00002cfc      0x25a src/main.o
 .debug_line    0x00002f56      0x22b src/stm32f30x_it.o
 .debug_line    0x00003181      0x18a src/system_stm32f30x.o
 .debug_line    0x0000330b      0x1ef src/usb_pwr.o
 .debug_line    0x000034fa       0x74 src/startup_stm32f30x.o

.debug_str      0x00000000     0x2d57
 .debug_str     0x00000000      0x3c0 Libraries/STM32F30x_StdPeriph_Driver/src/stm32f30x_misc.o
                                0x421 (size before relaxing)
 .debug_str     0x000003c0      0x626 Libraries/STM32F30x_StdPeriph_Driver/src/stm32f30x_rcc.o
                                0x847 (size before relaxing)
 .debug_str     0x000009e6      0x263 Libraries/STM32F30x_StdPeriph_Driver/src/stm32f30x_syscfg.o
                                0x453 (size before relaxing)
 .debug_str     0x00000c49      0x1f1 Libraries/STM32F30x_StdPeriph_Driver/src/stm32f30x_exti.o
                                0x3d3 (size before relaxing)
 .debug_str     0x00000e3a      0x2e9 Libraries/STM32F30x_StdPeriph_Driver/src/stm32f30x_gpio.o
                                0x4eb (size before relaxing)
 .debug_str     0x00001123       0x8b Libraries/STM32_USB-FS-Device_Driver/src/usb_mem.o
                                0x246 (size before relaxing)
 .debug_str     0x000011ae      0x324 Libraries/STM32_USB-FS-Device_Driver/src/usb_init.o
                                0x586 (size before relaxing)
 .debug_str     0x000014d2       0x89 Libraries/STM32_USB-FS-Device_Driver/src/usb_sil.o
                                0x254 (size before relaxing)
 .debug_str     0x0000155b      0x4f8 Libraries/STM32_USB-FS-Device_Driver/src/usb_core.o
                                0xab2 (size before relaxing)
 .debug_str     0x00001a53      0x3f7 Libraries/STM32_USB-FS-Device_Driver/src/usb_regs.o
                                0x5ce (size before relaxing)
 .debug_str     0x00001e4a       0x63 Libraries/STM32_USB-FS-Device_Driver/src/usb_int.o
                                0x245 (size before relaxing)
 .debug_str     0x00001ead       0xcc src/usb_desc.o
                                0x25f (size before relaxing)
 .debug_str     0x00001f79       0x85 src/mem.o
                                0x227 (size before relaxing)
 .debug_str     0x00001ffe      0x115 src/usb_endp.o
                                0x32e (size before relaxing)
 .debug_str     0x00002113      0x57d src/hw_config.o
                                0xbf2 (size before relaxing)
 .debug_str     0x00002690       0x35 src/deque.o
                                0x228 (size before relaxing)
 .debug_str     0x000026c5       0xa9 src/usb_istr.o
                                0x3bb (size before relaxing)
 .debug_str     0x0000276e      0x23d src/usb_prop.o
                                0x97f (size before relaxing)
 .debug_str     0x000029ab      0x140 src/stm32f3_discovery.o
                                0xaa9 (size before relaxing)
 .debug_str     0x00002aeb       0xa9 src/main.o
                                0x9af (size before relaxing)
 .debug_str     0x00002b94       0xec src/stm32f30x_it.o
                                0x361 (size before relaxing)
 .debug_str     0x00002c80       0x78 src/system_stm32f30x.o
                                0x336 (size before relaxing)
 .debug_str     0x00002cf8       0x5f src/usb_pwr.o
                                0x382 (size before relaxing)

.comment        0x00000000       0x70
 .comment       0x00000000       0x70 Libraries/STM32F30x_StdPeriph_Driver/src/stm32f30x_misc.o
                                 0x71 (size before relaxing)
 .comment       0x00000000       0x71 Libraries/STM32F30x_StdPeriph_Driver/src/stm32f30x_rcc.o
 .comment       0x00000000       0x71 Libraries/STM32F30x_StdPeriph_Driver/src/stm32f30x_syscfg.o
 .comment       0x00000000       0x71 Libraries/STM32F30x_StdPeriph_Driver/src/stm32f30x_exti.o
 .comment       0x00000000       0x71 Libraries/STM32F30x_StdPeriph_Driver/src/stm32f30x_gpio.o
 .comment       0x00000000       0x71 Libraries/STM32_USB-FS-Device_Driver/src/usb_mem.o
 .comment       0x00000000       0x71 Libraries/STM32_USB-FS-Device_Driver/src/usb_init.o
 .comment       0x00000000       0x71 Libraries/STM32_USB-FS-Device_Driver/src/usb_sil.o
 .comment       0x00000000       0x71 Libraries/STM32_USB-FS-Device_Driver/src/usb_core.o
 .comment       0x00000000       0x71 Libraries/STM32_USB-FS-Device_Driver/src/usb_regs.o
 .comment       0x00000000       0x71 Libraries/STM32_USB-FS-Device_Driver/src/usb_int.o
 .comment       0x00000000       0x71 src/usb_desc.o
 .comment       0x00000000       0x71 src/mem.o
 .comment       0x00000000       0x71 src/usb_endp.o
 .comment       0x00000000       0x71 src/hw_config.o
 .comment       0x00000000       0x71 src/deque.o
 .comment       0x00000000       0x71 src/usb_istr.o
 .comment       0x00000000       0x71 src/usb_prop.o
 .comment       0x00000000       0x71 src/stm32f3_discovery.o
 .comment       0x00000000       0x71 src/main.o
 .comment       0x00000000       0x71 src/stm32f30x_it.o
 .comment       0x00000000       0x71 src/system_stm32f30x.o
 .comment       0x00000000       0x71 src/usb_pwr.o

.debug_frame    0x00000000     0x1c54
 .debug_frame   0x00000000       0x9c Libraries/STM32F30x_StdPeriph_Driver/src/stm32f30x_misc.o
 .debug_frame   0x0000009c      0x44c Libraries/STM32F30x_StdPeriph_Driver/src/stm32f30x_rcc.o
 .debug_frame   0x000004e8      0x194 Libraries/STM32F30x_StdPeriph_Driver/src/stm32f30x_syscfg.o
 .debug_frame   0x0000067c       0xec Libraries/STM32F30x_StdPeriph_Driver/src/stm32f30x_exti.o
 .debug_frame   0x00000768      0x180 Libraries/STM32F30x_StdPeriph_Driver/src/stm32f30x_gpio.o
 .debug_frame   0x000008e8       0x48 Libraries/STM32_USB-FS-Device_Driver/src/usb_mem.o
 .debug_frame   0x00000930       0x2c Libraries/STM32_USB-FS-Device_Driver/src/usb_init.o
 .debug_frame   0x0000095c       0x68 Libraries/STM32_USB-FS-Device_Driver/src/usb_sil.o
 .debug_frame   0x000009c4      0x254 Libraries/STM32_USB-FS-Device_Driver/src/usb_core.o
 .debug_frame   0x00000c18      0x684 Libraries/STM32_USB-FS-Device_Driver/src/usb_regs.o
 .debug_frame   0x0000129c       0x50 Libraries/STM32_USB-FS-Device_Driver/src/usb_int.o
 .debug_frame   0x000012ec       0x6c src/mem.o
 .debug_frame   0x00001358       0xac src/usb_endp.o
 .debug_frame   0x00001404      0x124 src/hw_config.o
 .debug_frame   0x00001528       0x8c src/deque.o
 .debug_frame   0x000015b4       0x2c src/usb_istr.o
 .debug_frame   0x000015e0      0x19c src/usb_prop.o
 .debug_frame   0x0000177c       0xc4 src/stm32f3_discovery.o
 .debug_frame   0x00001840       0xc4 src/main.o
 .debug_frame   0x00001904      0x150 src/stm32f30x_it.o
 .debug_frame   0x00001a54       0x64 src/system_stm32f30x.o
 .debug_frame   0x00001ab8       0xac src/usb_pwr.o
 .debug_frame   0x00001b64       0x2c /opt/gcc-arm/bin/../lib/gcc/arm-none-eabi/4.8.3/../../../../arm-none-eabi/lib/armv7e-m/softfp/libc.a(lib_a-init.o)
 .debug_frame   0x00001b90       0x48 /opt/gcc-arm/bin/../lib/gcc/arm-none-eabi/4.8.3/../../../../arm-none-eabi/lib/armv7e-m/softfp/libc.a(lib_a-__call_atexit.o)
 .debug_frame   0x00001bd8       0x20 /opt/gcc-arm/bin/../lib/gcc/arm-none-eabi/4.8.3/../../../../arm-none-eabi/lib/armv7e-m/softfp/libc.a(lib_a-atexit.o)
 .debug_frame   0x00001bf8       0x2c /opt/gcc-arm/bin/../lib/gcc/arm-none-eabi/4.8.3/../../../../arm-none-eabi/lib/armv7e-m/softfp/libc.a(lib_a-fini.o)
 .debug_frame   0x00001c24       0x30 /opt/gcc-arm/bin/../lib/gcc/arm-none-eabi/4.8.3/../../../../arm-none-eabi/lib/armv7e-m/softfp/libc.a(lib_a-__atexit.o)
